Archive member included because of file (symbol)

/opt/poky/1.7/sysroots/cortexa9hf-vfp-neon-poky-linux-gnueabi/usr/lib/arm-poky-linux-gnueabi/4.9.1/libgcc.a(_udivsi3.o)
                              arch/arm/cpu/armv7/built-in.o (__aeabi_uidiv)
/opt/poky/1.7/sysroots/cortexa9hf-vfp-neon-poky-linux-gnueabi/usr/lib/arm-poky-linux-gnueabi/4.9.1/libgcc.a(_divsi3.o)
                              common/built-in.o (__aeabi_idiv)
/opt/poky/1.7/sysroots/cortexa9hf-vfp-neon-poky-linux-gnueabi/usr/lib/arm-poky-linux-gnueabi/4.9.1/libgcc.a(_lshrdi3.o)
                              fs/built-in.o (__aeabi_llsr)
/opt/poky/1.7/sysroots/cortexa9hf-vfp-neon-poky-linux-gnueabi/usr/lib/arm-poky-linux-gnueabi/4.9.1/libgcc.a(_ashldi3.o)
                              drivers/mmc/built-in.o (__aeabi_llsl)
/opt/poky/1.7/sysroots/cortexa9hf-vfp-neon-poky-linux-gnueabi/usr/lib/arm-poky-linux-gnueabi/4.9.1/libgcc.a(_dvmd_lnx.o)
                              /opt/poky/1.7/sysroots/cortexa9hf-vfp-neon-poky-linux-gnueabi/usr/lib/arm-poky-linux-gnueabi/4.9.1/libgcc.a(_udivsi3.o) (__aeabi_idiv0)

Discarded input sections

 .data          0x0000000000000000        0x0 arch/arm/cpu/armv7/start.o
 .bss           0x0000000000000000        0x0 arch/arm/cpu/armv7/start.o
 .text.v7_outer_cache_flush_all
                0x0000000000000000        0x4 arch/arm/cpu/armv7/built-in.o
 .text.v7_outer_cache_inval_all
                0x0000000000000000        0x4 arch/arm/cpu/armv7/built-in.o
 .text.v7_outer_cache_flush_range
                0x0000000000000000        0x4 arch/arm/cpu/armv7/built-in.o
 .text.v7_outer_cache_inval_range
                0x0000000000000000        0x4 arch/arm/cpu/armv7/built-in.o
 .text.v7_arch_cp15_set_l2aux_ctrl
                0x0000000000000000        0x8 arch/arm/cpu/armv7/built-in.o
 .text.v7_arch_cp15_set_acr
                0x0000000000000000        0x8 arch/arm/cpu/armv7/built-in.o
 .text.sdelay   0x0000000000000000        0xc arch/arm/cpu/armv7/built-in.o
 .text.wait_on_value
                0x0000000000000000       0x34 arch/arm/cpu/armv7/built-in.o
 .text.get_boot_device
                0x0000000000000000       0x9c arch/arm/cpu/armv7/built-in.o
 .text.set_arm_freq_400M
                0x0000000000000000       0x2c arch/arm/cpu/armv7/built-in.o
 .text.enable_enet_pll
                0x0000000000000000       0x68 arch/arm/cpu/armv7/built-in.o
 .text.enable_enet_clk
                0x0000000000000000       0x24 arch/arm/cpu/armv7/built-in.o
 .text.enable_uart_clk
                0x0000000000000000       0x24 arch/arm/cpu/armv7/built-in.o
 .text.enable_usdhc_clk
                0x0000000000000000       0x4c arch/arm/cpu/armv7/built-in.o
 .text.enable_spi_clk
                0x0000000000000000       0x44 arch/arm/cpu/armv7/built-in.o
 .text.enable_fec_anatop_clock
                0x0000000000000000       0x98 arch/arm/cpu/armv7/built-in.o
 .text.enable_sata_clock
                0x0000000000000000       0x1c arch/arm/cpu/armv7/built-in.o
 .text.disable_sata_clock
                0x0000000000000000       0x18 arch/arm/cpu/armv7/built-in.o
 .text.enable_pcie_clock
                0x0000000000000000       0x70 arch/arm/cpu/armv7/built-in.o
 .data          0x0000000000000000        0x0 arch/arm/cpu/armv7/built-in.o
 .bss           0x0000000000000000        0x0 arch/arm/cpu/armv7/built-in.o
 .text          0x0000000000000000        0x0 arch/arm/imx-common/built-in.o
 .text.get_imx_reset_cause
                0x0000000000000000       0x10 arch/arm/imx-common/built-in.o
 .text.set_chipselect_size
                0x0000000000000000       0x84 arch/arm/imx-common/built-in.o
 .text.mxs_wait_mask_set
                0x0000000000000000       0x40 arch/arm/imx-common/built-in.o
 .text.mxs_wait_mask_clr
                0x0000000000000000       0x3c arch/arm/imx-common/built-in.o
 .text.mxs_reset_block
                0x0000000000000000       0x90 arch/arm/imx-common/built-in.o
 .text.detect_hdmi
                0x0000000000000000       0x18 arch/arm/imx-common/built-in.o
 .text.usec2ticks
                0x0000000000000000       0x68 arch/arm/imx-common/built-in.o
 .data          0x0000000000000000        0x0 arch/arm/imx-common/built-in.o
 .bss           0x0000000000000000        0x0 arch/arm/imx-common/built-in.o
 .text.flush_cache
                0x0000000000000000        0x4 arch/arm/lib/built-in.o
 .text.flush_dcache_all
                0x0000000000000000        0xc arch/arm/lib/built-in.o
 .text.enable_caches
                0x0000000000000000        0xc arch/arm/lib/built-in.o
 .text.arm_init_before_mmu
                0x0000000000000000        0x4 arch/arm/lib/built-in.o
 .text.mmu_page_table_flush
                0x0000000000000000        0x4 arch/arm/lib/built-in.o
 .rodata.pl310  0x0000000000000000        0x4 arch/arm/lib/built-in.o
 .data          0x0000000000000000        0x0 arch/arm/lib/built-in.o
 .__secure_start
                0x0000000000000000        0x0 arch/arm/lib/built-in.o
[...]
Memory Configuration

Name             Origin             Length             Attributes
*default*        0x0000000000000000 0xffffffffffffffff

Linker script and memory map

Address of section .text set to 0x17800000
                0x0000000000000000                . = 0x0
                0x0000000000000000                . = ALIGN (0x4)

.text           0x0000000017800000    0x3bb80
 *(.__image_copy_start)
 .__image_copy_start
                0x0000000017800000        0x0 arch/arm/lib/built-in.o
                0x0000000017800000                __image_copy_start
 *(.vectors)
 .vectors       0x0000000017800000      0x300 arch/arm/lib/built-in.o
                0x0000000017800000                _start
                0x0000000017800020                _undefined_instruction
                0x0000000017800024                _software_interrupt
                0x0000000017800028                _prefetch_abort
                0x000000001780002c                _data_abort
                0x0000000017800030                _not_used
                0x0000000017800034                _irq
                0x0000000017800038                _fiq
                0x0000000017800040                IRQ_STACK_START_IN
 arch/arm/cpu/armv7/start.o(.text*)
 .text          0x0000000017800300       0xec arch/arm/cpu/armv7/start.o
                0x0000000017800300                reset
                0x0000000017800304                save_boot_params_ret
                0x0000000017800340                c_runtime_cpu_setup
                0x0000000017800350                save_boot_params
                0x0000000017800354                cpu_init_cp15
                0x00000000178003e4                cpu_init_crit
 *(.text*)
 .text          0x00000000178003ec       0x1c arch/arm/cpu/armv7/built-in.o
                0x00000000178003ec                lowlevel_init
 .text.v7_maint_dcache_all
                0x0000000017800408       0xd0 arch/arm/cpu/armv7/built-in.o
 .text.invalidate_icache_all
                0x00000000178004d8       0x18 arch/arm/cpu/armv7/built-in.o
                0x00000000178004d8                invalidate_icache_all
 .text.v7_outer_cache_enable
                0x00000000178004f0       0x6c arch/arm/cpu/armv7/built-in.o
                0x00000000178004f4                v7_outer_cache_enable
 .text.v7_outer_cache_disable
                0x000000001780055c       0x1c arch/arm/cpu/armv7/built-in.o
                0x0000000017800560                v7_outer_cache_disable
 .text.flush_dcache_all
                0x0000000017800578       0x14 arch/arm/cpu/armv7/built-in.o
                0x0000000017800578                flush_dcache_all
 .text.invalidate_dcache_all
                0x000000001780058c       0x14 arch/arm/cpu/armv7/built-in.o
                0x000000001780058c                invalidate_dcache_all
 .text.arm_init_before_mmu
                0x00000000178005a0       0x28 arch/arm/cpu/armv7/built-in.o
                0x00000000178005a0                arm_init_before_mmu
 .text.flush_dcache_range
                0x00000000178005c8       0x3c arch/arm/cpu/armv7/built-in.o
                0x00000000178005c8                flush_dcache_range
 .text.mmu_page_table_flush
                0x0000000017800604       0x24 arch/arm/cpu/armv7/built-in.o
                0x0000000017800604                mmu_page_table_flush
 .text.flush_cache
                0x0000000017800628        0x8 arch/arm/cpu/armv7/built-in.o
                0x0000000017800628                flush_cache
 .text.invalidate_dcache_range
                0x0000000017800630       0xac arch/arm/cpu/armv7/built-in.o
                0x0000000017800630                invalidate_dcache_range
 .text.cpu_cache_initialization
                0x00000000178006dc        0x4 arch/arm/cpu/armv7/built-in.o
                0x00000000178006dc                cpu_cache_initialization
 .text.cleanup_before_linux
                0x00000000178006e0       0x28 arch/arm/cpu/armv7/built-in.o
                0x00000000178006e0                cleanup_before_linux
 .text.get_nr_cpus
                0x0000000017800708       0x10 arch/arm/cpu/armv7/built-in.o
                0x0000000017800708                get_nr_cpus
 .text.get_cpu_rev
                0x0000000017800718       0x68 arch/arm/cpu/armv7/built-in.o
                0x0000000017800718                get_cpu_rev
 .text.get_board_rev
                0x0000000017800780       0x30 arch/arm/cpu/armv7/built-in.o
                0x0000000017800780                get_board_rev
 .text.init_aips
                0x00000000178007b0       0x58 arch/arm/cpu/armv7/built-in.o
                0x00000000178007b0                init_aips
 .text.arch_cpu_init
                0x0000000017800808      0x1a4 arch/arm/cpu/armv7/built-in.o
                0x0000000017800808                arch_cpu_init
 .text.board_postclk_init
                0x00000000178009ac       0x50 arch/arm/cpu/armv7/built-in.o
                0x00000000178009ac                board_postclk_init
 .text.enable_caches
                0x00000000178009fc       0x34 arch/arm/cpu/armv7/built-in.o
                0x00000000178009fc                enable_caches
 .text.imx_get_mac_from_fuse
                0x0000000017800a30       0x3c arch/arm/cpu/armv7/built-in.o
                0x0000000017800a30                imx_get_mac_from_fuse
 .text.boot_mode_apply
                0x0000000017800a6c       0x24 arch/arm/cpu/armv7/built-in.o
                0x0000000017800a6c                boot_mode_apply
 .text.s_init   0x0000000017800a90       0x88 arch/arm/cpu/armv7/built-in.o
                0x0000000017800a90                s_init
 .text.set_wdog_reset
                0x0000000017800b18       0x18 arch/arm/cpu/armv7/built-in.o
                0x0000000017800b18                set_wdog_reset
 .text.check_ldo_bypass
                0x0000000017800b30       0x78 arch/arm/cpu/armv7/built-in.o
                0x0000000017800b30                check_ldo_bypass
 .text.check_1_2G
                0x0000000017800ba8       0x5c arch/arm/cpu/armv7/built-in.o
                0x0000000017800ba8                check_1_2G
 .text.prep_anatop_bypass
                0x0000000017800c04       0x6c arch/arm/cpu/armv7/built-in.o
                0x0000000017800c04                prep_anatop_bypass
 .text.set_anatop_bypass
                0x0000000017800c70       0x50 arch/arm/cpu/armv7/built-in.o
                0x0000000017800c70                set_anatop_bypass
 .text.finish_anatop_bypass
                0x0000000017800cc0       0x24 arch/arm/cpu/armv7/built-in.o
                0x0000000017800cc0                finish_anatop_bypass
 .text.imx_enable_hdmi_phy
                0x0000000017800ce4       0x4c arch/arm/cpu/armv7/built-in.o
                0x0000000017800ce4                imx_enable_hdmi_phy
 .text.imx_setup_hdmi
                0x0000000017800d30       0x78 arch/arm/cpu/armv7/built-in.o
                0x0000000017800d30                imx_setup_hdmi
 .text.get_ipg_clk
                0x0000000017800da8       0x28 arch/arm/cpu/armv7/built-in.o
 .text.get_uart_clk
                0x0000000017800dd0       0x54 arch/arm/cpu/armv7/built-in.o
 .text.mxc_get_pll_pfd
                0x0000000017800e24       0xa0 arch/arm/cpu/armv7/built-in.o
 .text.get_usdhc_clk
                0x0000000017800ec4       0x90 arch/arm/cpu/armv7/built-in.o
 .text.enable_ocotp_clk
                0x0000000017800f54       0x24 arch/arm/cpu/armv7/built-in.o
                0x0000000017800f54                enable_ocotp_clk
 .text.enable_usboh3_clk
                0x0000000017800f78       0x24 arch/arm/cpu/armv7/built-in.o
                0x0000000017800f78                enable_usboh3_clk
 .text.enable_i2c_clk
                0x0000000017800f9c       0x48 arch/arm/cpu/armv7/built-in.o
                0x0000000017800f9c                enable_i2c_clk
 .text.get_periph_clk
                0x0000000017800fe4       0xdc arch/arm/cpu/armv7/built-in.o
                0x0000000017800fe4                get_periph_clk
 .text.get_axi_clk
                0x00000000178010c0       0x4c arch/arm/cpu/armv7/built-in.o
 .text.imx_get_uartclk
                0x000000001780110c        0x4 arch/arm/cpu/armv7/built-in.o
                0x000000001780110c                imx_get_uartclk
 .text.enable_thermal_clk
                0x0000000017801110       0x48 arch/arm/cpu/armv7/built-in.o
                0x0000000017801110                enable_thermal_clk
 .text.mxc_get_clock
                0x0000000017801158      0x1cc arch/arm/cpu/armv7/built-in.o
                0x0000000017801158                mxc_get_clock
 .text.imx_get_fecclk
                0x0000000017801324        0x8 arch/arm/cpu/armv7/built-in.o
                0x0000000017801324                imx_get_fecclk
 .text.do_mx6_showclocks
                0x000000001780132c      0x230 arch/arm/cpu/armv7/built-in.o
                0x000000001780132c                do_mx6_showclocks
 .text.enable_ipu_clock
                0x000000001780155c       0x18 arch/arm/cpu/armv7/built-in.o
                0x000000001780155c                enable_ipu_clock
 .text.cpu_reset
                0x0000000017801574       0x28 arch/arm/cpu/armv7/built-in.o
                0x0000000017801574                cpu_reset
 .text.cpu_status
                0x000000001780159c       0x40 arch/arm/cpu/armv7/built-in.o
                0x000000001780159c                cpu_status
 .text.cpu_release
                0x00000000178015dc       0x80 arch/arm/cpu/armv7/built-in.o
                0x00000000178015dc                cpu_release
 .text.is_core_valid
                0x000000001780165c       0x1c arch/arm/cpu/armv7/built-in.o
                0x000000001780165c                is_core_valid
 .text.cpu_disable
                0x0000000017801678       0x28 arch/arm/cpu/armv7/built-in.o
                0x0000000017801678                cpu_disable
 .text.imx_iomux_v3_setup_pad
                0x00000000178016a0       0xb0 arch/arm/imx-common/built-in.o
                0x00000000178016a0                imx_iomux_v3_setup_pad
 .text.imx_iomux_v3_setup_multiple_pads
                0x0000000017801750       0x2c arch/arm/imx-common/built-in.o
                0x0000000017801750                imx_iomux_v3_setup_multiple_pads
 .text.imx_iomux_set_gpr_register
                0x000000001780177c       0x3c arch/arm/imx-common/built-in.o
                0x000000001780177c                imx_iomux_set_gpr_register
 .text.imx_ddr_size
                0x00000000178017b8       0x64 arch/arm/imx-common/built-in.o
                0x00000000178017b8                imx_ddr_size
 .text.get_imx_type
                0x000000001780181c       0x20 arch/arm/imx-common/built-in.o
                0x000000001780181c                get_imx_type
 .text.print_cpuinfo
                0x000000001780183c      0x1d8 arch/arm/imx-common/built-in.o
                0x000000001780183c                print_cpuinfo
 .text.cpu_eth_init
                0x0000000017801a14        0x4 arch/arm/imx-common/built-in.o
                0x0000000017801a14                cpu_eth_init
 .text.cpu_mmc_init
                0x0000000017801a18        0x4 arch/arm/imx-common/built-in.o
                0x0000000017801a18                cpu_mmc_init
 .text.get_ahb_clk
                0x0000000017801a1c       0x24 arch/arm/imx-common/built-in.o
                0x0000000017801a1c                get_ahb_clk
 .text.arch_preboot_os
                0x0000000017801a40       0x14 arch/arm/imx-common/built-in.o
                0x0000000017801a40                arch_preboot_os
 .text.get_clocks
                0x0000000017801a54       0x1c arch/arm/imx-common/built-in.o
                0x0000000017801a54                get_clocks
 .text.force_idle_bus
                0x0000000017801a70      0x1c4 arch/arm/imx-common/built-in.o
 .text.setup_i2c
                0x0000000017801c34       0xe4 arch/arm/imx-common/built-in.o
                0x0000000017801c34                setup_i2c
 .text.board_video_skip
                0x0000000017801d18      0x170 arch/arm/imx-common/built-in.o
                0x0000000017801d18                board_video_skip
 .text.timer_init
                0x0000000017801e88      0x13c arch/arm/imx-common/built-in.o
                0x0000000017801e88                timer_init
 .text.get_ticks
                0x0000000017801fc4       0x44 arch/arm/imx-common/built-in.o
                0x0000000017801fc4                get_ticks
 .text.get_timer_masked
                0x0000000017802008       0xf0 arch/arm/imx-common/built-in.o
                0x0000000017802008                get_timer_masked
 .text.get_timer
                0x00000000178020f8       0x14 arch/arm/imx-common/built-in.o
                0x00000000178020f8                get_timer
 .text.__udelay
                0x000000001780210c      0x128 arch/arm/imx-common/built-in.o
                0x000000001780210c                __udelay
 .text.get_tbclk
                0x0000000017802234       0x94 arch/arm/imx-common/built-in.o
                0x0000000017802234                get_tbclk
 .text.create_usage
                0x00000000178022c8       0xa0 arch/arm/imx-common/built-in.o
 .text.do_boot_mode
                0x0000000017802368       0xcc arch/arm/imx-common/built-in.o
 .text.add_board_boot_modes
                0x0000000017802434       0x60 arch/arm/imx-common/built-in.o
                0x0000000017802434                add_board_boot_modes
 .text          0x0000000017802494       0xa8 arch/arm/lib/built-in.o
                0x0000000017802494                _main
 .text.relocate_vectors
                0x000000001780253c       0x70 arch/arm/lib/built-in.o
                0x000000001780253c                relocate_vectors
                0x0000000017802548                relocate_code
 .text.arch_fixup_fdt
                0x00000000178025ac       0x38 arch/arm/lib/built-in.o
                0x00000000178025ac                arch_fixup_fdt
 .text.boot_jump_linux
                0x00000000178025e4       0xb8 arch/arm/lib/built-in.o
 .text.arch_lmb_reserve
                0x000000001780269c       0x24 arch/arm/lib/built-in.o
                0x000000001780269c                arch_lmb_reserve
 .text.setup_board_tags
                0x00000000178026c0        0x4 arch/arm/lib/built-in.o
                0x00000000178026c0                setup_board_tags
 .text.boot_prep_linux
                0x00000000178026c4      0x194 arch/arm/lib/built-in.o
 .text.do_bootm_linux
                0x0000000017802858       0x5c arch/arm/lib/built-in.o
                0x0000000017802858                do_bootm_linux
 .text.bootz_setup
                0x00000000178028b4       0x60 arch/arm/lib/built-in.o
                0x00000000178028b4                bootz_setup
 .text.boot_prep_vxworks
                0x0000000017802914       0x50 arch/arm/lib/built-in.o
                0x0000000017802914                boot_prep_vxworks
 .text.boot_jump_vxworks
                0x0000000017802964        0xc arch/arm/lib/built-in.o
                0x0000000017802964                boot_jump_vxworks
 .text.pl310_background_op_all_ways
                0x0000000017802970       0x38 arch/arm/lib/built-in.o
 .text.v7_outer_cache_inval_all
                0x00000000178029a8        0xc arch/arm/lib/built-in.o
                0x00000000178029a8                v7_outer_cache_inval_all
 .text.v7_outer_cache_flush_all
                0x00000000178029b4        0xc arch/arm/lib/built-in.o
                0x00000000178029b4                v7_outer_cache_flush_all
 .text.v7_outer_cache_flush_range
                0x00000000178029c0       0x30 arch/arm/lib/built-in.o
                0x00000000178029c0                v7_outer_cache_flush_range
 .text.v7_outer_cache_inval_range
                0x00000000178029f0       0x80 arch/arm/lib/built-in.o
                0x00000000178029f0                v7_outer_cache_inval_range
 .text.arch_reserve_stacks
                0x0000000017802a70       0x1c arch/arm/lib/built-in.o
                0x0000000017802a70                arch_reserve_stacks
 .text.interrupt_init
                0x0000000017802a8c       0x1c arch/arm/lib/built-in.o
                0x0000000017802a8c                interrupt_init
 .text.enable_interrupts
                0x0000000017802aa8        0x4 arch/arm/lib/built-in.o
                0x0000000017802aa8                enable_interrupts
 .text.disable_interrupts
                0x0000000017802aac        0x8 arch/arm/lib/built-in.o
                0x0000000017802aac                disable_interrupts
 .text.bad_mode
                0x0000000017802ab4       0x10 arch/arm/lib/built-in.o
                0x0000000017802ab4                bad_mode
 .text.show_regs
                0x0000000017802ac4      0x174 arch/arm/lib/built-in.o
                0x0000000017802ac4                show_regs
 .text.do_undefined_instruction
                0x0000000017802c38       0x20 arch/arm/lib/built-in.o
                0x0000000017802c38                do_undefined_instruction
 .text.do_software_interrupt
                0x0000000017802c58       0x20 arch/arm/lib/built-in.o
                0x0000000017802c58                do_software_interrupt
 .text.do_prefetch_abort
                0x0000000017802c78       0x20 arch/arm/lib/built-in.o
                0x0000000017802c78                do_prefetch_abort
 .text.do_data_abort
                0x0000000017802c98       0x20 arch/arm/lib/built-in.o
                0x0000000017802c98                do_data_abort
 .text.do_not_used
                0x0000000017802cb8       0x20 arch/arm/lib/built-in.o
                0x0000000017802cb8                do_not_used
 .text.do_fiq   0x0000000017802cd8       0x20 arch/arm/lib/built-in.o
                0x0000000017802cd8                do_fiq
 .text.do_irq   0x0000000017802cf8       0x20 arch/arm/lib/built-in.o
                0x0000000017802cf8                do_irq
 .text.reset_misc
                0x0000000017802d18        0x4 arch/arm/lib/built-in.o
                0x0000000017802d18                reset_misc
 .text.do_reset
                0x0000000017802d1c       0x30 arch/arm/lib/built-in.o
                0x0000000017802d1c                do_reset
 .text.cp_delay
                0x0000000017802d4c       0x30 arch/arm/lib/built-in.o
 .text.cache_disable
                0x0000000017802d7c       0x50 arch/arm/lib/built-in.o
 .text.arm_init_domains
                0x0000000017802dcc        0x4 arch/arm/lib/built-in.o
                0x0000000017802dcc                arm_init_domains
 .text.set_section_dcache
                0x0000000017802dd0       0x14 arch/arm/lib/built-in.o
                0x0000000017802dd0                set_section_dcache
 .text.mmu_set_region_dcache_behaviour
                0x0000000017802de4       0x50 arch/arm/lib/built-in.o
                0x0000000017802de4                mmu_set_region_dcache_behaviour
 .text.dram_bank_mmu_setup
                0x0000000017802e34       0x44 arch/arm/lib/built-in.o
                0x0000000017802e34                dram_bank_mmu_setup
 .text.icache_enable
                0x0000000017802e78       0x18 arch/arm/lib/built-in.o
                0x0000000017802e78                icache_enable
 .text.icache_disable
                0x0000000017802e90        0x8 arch/arm/lib/built-in.o
                0x0000000017802e90                icache_disable
 .text.icache_status
                0x0000000017802e98        0xc arch/arm/lib/built-in.o
                0x0000000017802e98                icache_status
 .text.dcache_enable
                0x0000000017802ea4       0x6c arch/arm/lib/built-in.o
                0x0000000017802ea4                dcache_enable
 .text.dcache_disable
                0x0000000017802f10        0x8 arch/arm/lib/built-in.o
                0x0000000017802f10                dcache_disable
 .text.dcache_status
                0x0000000017802f18        0xc arch/arm/lib/built-in.o
                0x0000000017802f18                dcache_status
 .text.pfuze_mode_init
                0x0000000017802f24       0xa0 board/freescale/common/built-in.o
                0x0000000017802f24                pfuze_mode_init
 .text.pfuze_common_init
                0x0000000017802fc4      0x10c board/freescale/common/built-in.o
                0x0000000017802fc4                pfuze_common_init
 .text.enable_lvds
                0x00000000178030d0       0x14 board/freescale/mx6sabresd/built-in.o
 .text.enable_rgb
                0x00000000178030e4       0x24 board/freescale/mx6sabresd/built-in.o
 .text.do_enable_hdmi
                0x0000000017803108       0x18 board/freescale/mx6sabresd/built-in.o
 .text.dram_init
                0x0000000017803120       0x18 board/freescale/mx6sabresd/built-in.o
                0x0000000017803120                dram_init
 .text.mmc_get_env_devno
                0x0000000017803138       0x24 board/freescale/mx6sabresd/built-in.o
                0x0000000017803138                mmc_get_env_devno
 .text.board_mmc_getcd
                0x000000001780315c       0x60 board/freescale/mx6sabresd/built-in.o
                0x000000001780315c                board_mmc_getcd
 .text.board_mmc_init
                0x00000000178031bc       0xb8 board/freescale/mx6sabresd/built-in.o
                0x00000000178031bc                board_mmc_init
 .text.check_mmc_autodetect
                0x0000000017803274       0x38 board/freescale/mx6sabresd/built-in.o
                0x0000000017803274                check_mmc_autodetect
 .text.board_late_mmc_env_init
                0x00000000178032ac       0x78 board/freescale/mx6sabresd/built-in.o
                0x00000000178032ac                board_late_mmc_env_init
 .text.mx6_rgmii_rework
                0x0000000017803324      0x110 board/freescale/mx6sabresd/built-in.o
                0x0000000017803324                mx6_rgmii_rework
 .text.board_phy_config
                0x0000000017803434       0x2c board/freescale/mx6sabresd/built-in.o
                0x0000000017803434                board_phy_config
 .text.overwrite_console
                0x0000000017803460        0x8 board/freescale/mx6sabresd/built-in.o
                0x0000000017803460                overwrite_console
 .text.board_eth_init
                0x0000000017803468       0x54 board/freescale/mx6sabresd/built-in.o
                0x0000000017803468                board_eth_init
 .text.board_ehci_hcd_init
                0x00000000178034bc       0x28 board/freescale/mx6sabresd/built-in.o
                0x00000000178034bc                board_ehci_hcd_init
 .text.board_ehci_power
                0x00000000178034e4       0x4c board/freescale/mx6sabresd/built-in.o
                0x00000000178034e4                board_ehci_power
 .text.board_early_init_f
                0x0000000017803530       0x8c board/freescale/mx6sabresd/built-in.o
                0x0000000017803530                board_early_init_f
 .text.board_init
                0x00000000178035bc       0x6c board/freescale/mx6sabresd/built-in.o
                0x00000000178035bc                board_init
 .text.power_init_board
                0x0000000017803628      0x140 board/freescale/mx6sabresd/built-in.o
                0x0000000017803628                power_init_board
 .text.ldo_mode_set
                0x0000000017803768      0x180 board/freescale/mx6sabresd/built-in.o
                0x0000000017803768                ldo_mode_set
 .text.board_late_init
                0x00000000178038e8       0x1c board/freescale/mx6sabresd/built-in.o
                0x00000000178038e8                board_late_init
 .text.checkboard
                0x0000000017803904       0x18 board/freescale/mx6sabresd/built-in.o
                0x0000000017803904                checkboard
 .text.show_boot_progress
                0x000000001780391c        0x4 common/built-in.o
                0x000000001780391c                show_boot_progress
 .text.main_loop
                0x0000000017803920       0x20 common/built-in.o
                0x0000000017803920                main_loop
 .text.dummy    0x0000000017803940        0x4 common/built-in.o
 .text.get_version
                0x0000000017803944        0x8 common/built-in.o
                0x0000000017803944                get_version
 .text.jumptable_init
                0x000000001780394c      0x1c0 common/built-in.o
                0x000000001780394c                jumptable_init
 .text.hash_command
                0x0000000017803b0c       0xb4 common/built-in.o
                0x0000000017803b0c                hash_command
 .text.b_reset  0x0000000017803bc0       0x1c common/built-in.o
 .text.static_get
                0x0000000017803bdc       0x1c common/built-in.o
 .text.static_peek
                0x0000000017803bf8        0xc common/built-in.o
 .text.file_peek
                0x0000000017803c04        0xc common/built-in.o
 .text.mapset   0x0000000017803c10       0x20 common/built-in.o
 .text.syntax_err
                0x0000000017803c30        0xc common/built-in.o
 .text.free_pipe_list
                0x0000000017803c3c       0xf0 common/built-in.o
 .text.xmalloc  0x0000000017803d2c       0x20 common/built-in.o
 .text.new_pipe
                0x0000000017803d4c       0x28 common/built-in.o
 .text.xrealloc
                0x0000000017803d74       0x20 common/built-in.o
 .text.done_command
                0x0000000017803d94       0x88 common/built-in.o
 .text.done_pipe
                0x0000000017803e1c       0x48 common/built-in.o
 .text.done_word
                0x0000000017803e64      0x2d8 common/built-in.o
 .text.do_showvar
                0x000000001780413c       0xfc common/built-in.o
 .text.is_assignment
                0x0000000017804238       0x5c common/built-in.o
 .text.file_get
                0x0000000017804294      0x1ec common/built-in.o
 .text.b_addchr
                0x0000000017804480       0x78 common/built-in.o
 .text.b_addqchr
                0x00000000178044f8       0x50 common/built-in.o
 .text.get_local_var
                0x0000000017804548       0xa0 common/built-in.o
                0x0000000017804548                get_local_var
 .text.set_local_var
                0x00000000178045e8      0x1ac common/built-in.o
                0x00000000178045e8                set_local_var
 .text.insert_var_value_sub
                0x0000000017804794      0x2c0 common/built-in.o
 .text.parse_string_outer
                0x0000000017804a54       0xe4 common/built-in.o
                0x0000000017804a54                parse_string_outer
 .text.run_list_real
                0x0000000017804b38      0x7e8 common/built-in.o
 .text.parse_stream_outer
                0x0000000017805320      0x6d4 common/built-in.o
 .text.parse_file_outer
                0x00000000178059f4       0x44 common/built-in.o
                0x00000000178059f4                parse_file_outer
 .text.u_boot_hush_start
                0x0000000017805a38       0x54 common/built-in.o
                0x0000000017805a38                u_boot_hush_start
 .text.bootdelay_process
                0x0000000017805a8c       0xd0 common/built-in.o
                0x0000000017805a8c                bootdelay_process
 .text.autoboot_command
                0x0000000017805b5c       0xd0 common/built-in.o
                0x0000000017805b5c                autoboot_command
 .text.display_text_info
                0x0000000017805c2c        0x8 common/built-in.o
 .text.setup_mon_len
                0x0000000017805c34       0x20 common/built-in.o
 .text.setup_fdt
                0x0000000017805c54        0x8 common/built-in.o
 .text.reserve_round_4k
                0x0000000017805c5c       0x18 common/built-in.o
 .text.reserve_mmu
                0x0000000017805c74       0x38 common/built-in.o
 .text.reserve_trace
                0x0000000017805cac        0x8 common/built-in.o
 .text.reserve_uboot
                0x0000000017805cb4       0x30 common/built-in.o
 .text.reserve_malloc
                0x0000000017805ce4       0x18 common/built-in.o
 .text.setup_machine
                0x0000000017805cfc       0x14 common/built-in.o
 .text.reserve_global_data
                0x0000000017805d10       0x1c common/built-in.o
 .text.reserve_fdt
                0x0000000017805d2c       0x4c common/built-in.o
 .text.display_new_sp
                0x0000000017805d78        0x8 common/built-in.o
 .text.initf_malloc
                0x0000000017805d80       0x1c common/built-in.o
 .text.reserve_arch
                0x0000000017805d9c        0x8 common/built-in.o
                0x0000000017805d9c                reserve_arch
 .text.setup_reloc
                0x0000000017805da4       0x28 common/built-in.o
 .text.reloc_fdt
                0x0000000017805dcc       0x30 common/built-in.o
 .text.announce_dram_init
                0x0000000017805dfc       0x18 common/built-in.o
 .text.init_func_i2c
                0x0000000017805e14       0x28 common/built-in.o
 .text.init_baud_rate
                0x0000000017805e3c       0x2c common/built-in.o
 .text.initf_dm
                0x0000000017805e68        0x8 common/built-in.o
 .text.mark_bootstage
                0x0000000017805e70       0x14 common/built-in.o
 .text.reserve_board
                0x0000000017805e84       0x38 common/built-in.o
 .text.coloured_LED_init
                0x0000000017805ebc        0x4 common/built-in.o
                0x0000000017805ebc                coloured_LED_init
 .text.red_led_on
                0x0000000017805ec0        0x4 common/built-in.o
                0x0000000017805ec0                red_led_on
 .text.board_add_ram_info
                0x0000000017805ec4        0x4 common/built-in.o
                0x0000000017805ec4                board_add_ram_info
 .text.show_dram_config
                0x0000000017805ec8       0x38 common/built-in.o
 .text.dram_init_banksize
                0x0000000017805f00       0x20 common/built-in.o
                0x0000000017805f00                dram_init_banksize
 .text.setup_dram_config
                0x0000000017805f20       0x10 common/built-in.o
 .text.board_get_usable_ram_top
                0x0000000017805f30       0x14 common/built-in.o
                0x0000000017805f30                board_get_usable_ram_top
 .text.setup_dest_addr
                0x0000000017805f44       0x3c common/built-in.o
 .text.reserve_stacks
                0x0000000017805f80       0x1c common/built-in.o
 .text.board_init_f
                0x0000000017805f9c       0x28 common/built-in.o
                0x0000000017805f9c                board_init_f
 .text.bootstage_relocate
                0x0000000017805fc4        0x8 common/built-in.o
 .text.initr_trace
                0x0000000017805fcc        0x8 common/built-in.o
 .text.initr_reloc_global_data
                0x0000000017805fd4       0x28 common/built-in.o
 .text.initr_barrier
                0x0000000017805ffc        0x8 common/built-in.o
 .text.initr_announce
                0x0000000017806004        0x8 common/built-in.o
 .text.run_main_loop
                0x000000001780600c        0xc common/built-in.o
 .text.initr_net
                0x0000000017806018       0x20 common/built-in.o
 .text.initr_ethaddr
                0x0000000017806038       0x20 common/built-in.o
 .text.initr_enable_interrupts
                0x0000000017806058       0x10 common/built-in.o
 .text.initr_jumptable
                0x0000000017806068       0x10 common/built-in.o
 .text.initr_env
                0x0000000017806078       0x30 common/built-in.o
 .text.initr_mmc
                0x00000000178060a8       0x20 common/built-in.o
 .text.initr_serial
                0x00000000178060c8       0x10 common/built-in.o
 .text.initr_dm
                0x00000000178060d8       0x14 common/built-in.o
 .text.initr_malloc
                0x00000000178060ec       0x24 common/built-in.o
 .text.initr_caches
                0x0000000017806110       0x10 common/built-in.o
 .text.initr_reloc
                0x0000000017806120       0x24 common/built-in.o
 .text.cpu_secondary_init_r
                0x0000000017806144        0x4 common/built-in.o
                0x0000000017806144                cpu_secondary_init_r
 .text.initr_secondary_cpu
                0x0000000017806148       0x10 common/built-in.o
 .text.board_init_r
                0x0000000017806158       0x14 common/built-in.o
                0x0000000017806158                board_init_r
 .text.show_board_info
                0x000000001780616c        0x4 common/built-in.o
                0x000000001780616c                show_board_info
 .text.do_go_exec
                0x0000000017806170       0x10 common/built-in.o
                0x0000000017806170                do_go_exec
 .text.do_go    0x0000000017806180       0x6c common/built-in.o
 .text.do_bootm
                0x00000000178061ec      0x118 common/built-in.o
                0x00000000178061ec                do_bootm
 .text.do_bootd
                0x0000000017806304       0x20 common/built-in.o
                0x0000000017806304                do_bootd
 .text.image_info
                0x0000000017806324       0xcc common/built-in.o
 .text.do_iminfo
                0x00000000178063f0       0x60 common/built-in.o
 .text.bootm_maybe_autostart
                0x0000000017806450       0x78 common/built-in.o
                0x0000000017806450                bootm_maybe_autostart
 .text.do_bootz
                0x00000000178064c8       0xf8 common/built-in.o
                0x00000000178064c8                do_bootz
 .text.bootm_find_ramdisk_fdt
                0x00000000178065c0       0xa8 common/built-in.o
                0x00000000178065c0                bootm_find_ramdisk_fdt
 .text.bootm_decomp_image
                0x0000000017806668      0x150 common/built-in.o
                0x0000000017806668                bootm_decomp_image
 .text.bootm_disable_interrupts
                0x00000000178067b8       0x18 common/built-in.o
                0x00000000178067b8                bootm_disable_interrupts
 .text.do_bootm_states
                0x00000000178067d0      0x74c common/built-in.o
                0x00000000178067d0                do_bootm_states
 .text.copy_args
                0x0000000017806f1c       0x50 common/built-in.o
 .text.do_bootm_rtems
                0x0000000017806f6c       0x40 common/built-in.o
 .text.do_bootm_plan9
                0x0000000017806fac       0xa4 common/built-in.o
 .text.do_bootm_standalone
                0x0000000017807050       0x64 common/built-in.o
 .text.do_bootm_netbsd
                0x00000000178070b4       0xf8 common/built-in.o
 .text.do_bootvx_fdt
                0x00000000178071ac      0x10c common/built-in.o
                0x00000000178071ac                do_bootvx_fdt
 .text.do_bootm_vxworks
                0x00000000178072b8       0x24 common/built-in.o
 .text.boot_selected_os
                0x00000000178072dc       0x58 common/built-in.o
                0x00000000178072dc                boot_selected_os
 .text.bootm_os_get_boot_func
                0x0000000017807334       0x10 common/built-in.o
                0x0000000017807334                bootm_os_get_boot_func
 .text.do_help  0x0000000017807344       0x48 common/built-in.o
 .text.do_version
                0x000000001780738c       0x38 common/built-in.o
 .text.env_attr_walk
                0x00000000178073c4      0x114 common/built-in.o
                0x00000000178073c4                env_attr_walk
 .text.env_attr_lookup
                0x00000000178074d8      0x18c common/built-in.o
                0x00000000178074d8                env_attr_lookup
 .text.clear_callback
                0x0000000017807664       0x10 common/built-in.o
 .text.find_env_callback
                0x0000000017807674       0x68 common/built-in.o
 .text.on_callbacks
                0x00000000178076dc       0x48 common/built-in.o
 .text.set_callback
                0x0000000017807724       0x94 common/built-in.o
 .text.env_callback_init
                0x00000000178077b8       0xc4 common/built-in.o
                0x00000000178077b8                env_callback_init
 .text.skip_num
                0x000000001780787c       0x70 common/built-in.o
 .text.clear_flags
                0x00000000178078ec       0x10 common/built-in.o
 .text.on_flags
                0x00000000178078fc       0x48 common/built-in.o
 .text.env_flags_parse_vartype
                0x0000000017807944       0x50 common/built-in.o
                0x0000000017807944                env_flags_parse_vartype
 .text.env_flags_parse_varaccess
                0x0000000017807994       0x58 common/built-in.o
                0x0000000017807994                env_flags_parse_varaccess
 .text.set_flags
                0x00000000178079ec       0xac common/built-in.o
 .text.env_flags_init
                0x0000000017807a98       0xd8 common/built-in.o
                0x0000000017807a98                env_flags_init
 .text.env_flags_validate
                0x0000000017807b70      0x324 common/built-in.o
                0x0000000017807b70                env_flags_validate
 .text.mmc_get_env_addr
                0x0000000017807e94       0x10 common/built-in.o
                0x0000000017807e94                mmc_get_env_addr
 .text.env_init
                0x0000000017807ea4       0x1c common/built-in.o
                0x0000000017807ea4                env_init
 .text.mmc_get_env_part
                0x0000000017807ec0        0x8 common/built-in.o
                0x0000000017807ec0                mmc_get_env_part
 .text.init_mmc_for_env
                0x0000000017807ec8       0x78 common/built-in.o
 .text.fini_mmc_for_env
                0x0000000017807f40       0x30 common/built-in.o
 .text.saveenv  0x0000000017807f70      0x10c common/built-in.o
                0x0000000017807f70                saveenv
 .text.env_relocate_spec
                0x000000001780807c       0xe0 common/built-in.o
                0x000000001780807c                env_relocate_spec
 .text.source   0x000000001780815c       0xd8 common/built-in.o
                0x000000001780815c                source
 .text.do_source
                0x0000000017808234       0x44 common/built-in.o
 .text.print_num
                0x0000000017808278       0x18 common/built-in.o
 .text.do_bdinfo
                0x0000000017808290      0x18c common/built-in.o
 .text.parse_argv
                0x000000001780841c       0x64 common/built-in.o
 .text.do_icache
                0x0000000017808480       0x88 common/built-in.o
 .text.do_dcache
                0x0000000017808508       0x88 common/built-in.o
 .text.do_coninfo
                0x0000000017808590       0xbc common/built-in.o
 .text.do_echo  0x000000001780864c       0xb0 common/built-in.o
 .text.do_exit  0x00000000178086fc       0x30 common/built-in.o
 .text.do_ext4_size
                0x000000001780872c       0x18 common/built-in.o
                0x000000001780872c                do_ext4_size
 .text.do_ext4_load
                0x0000000017808744       0x18 common/built-in.o
                0x0000000017808744                do_ext4_load
 .text.do_ext4_ls
                0x000000001780875c       0x18 common/built-in.o
                0x000000001780875c                do_ext4_ls
 .text.do_ext4_write
                0x0000000017808774       0x18 common/built-in.o
                0x0000000017808774                do_ext4_write
 .text.do_ext2load
                0x000000001780878c       0x18 common/built-in.o
                0x000000001780878c                do_ext2load
 .text.do_ext2ls
                0x00000000178087a4       0x18 common/built-in.o
 .text.do_fat_size
                0x00000000178087bc       0x18 common/built-in.o
                0x00000000178087bc                do_fat_size
 .text.do_fat_fsload
                0x00000000178087d4       0x18 common/built-in.o
                0x00000000178087d4                do_fat_fsload
 .text.do_fat_ls
                0x00000000178087ec       0x18 common/built-in.o
 .text.do_fat_fsinfo
                0x0000000017808804       0x90 common/built-in.o
 .text.fdt_valid
                0x0000000017808894       0xbc common/built-in.o
 .text.is_printable_string
                0x0000000017808950       0x98 common/built-in.o
 .text.print_data
                0x00000000178089e8      0x174 common/built-in.o
 .text.set_working_fdt_addr
                0x0000000017808b5c       0x1c common/built-in.o
                0x0000000017808b5c                set_working_fdt_addr
 .text.do_fdt   0x0000000017808b78      0xe90 common/built-in.o
 .text.fdt_find_and_setprop
                0x0000000017809a08       0x70 common/built-in.o
                0x0000000017809a08                fdt_find_and_setprop
 .text.fdt_find_or_add_subnode
                0x0000000017809a78       0x68 common/built-in.o
                0x0000000017809a78                fdt_find_or_add_subnode
 .text.fdt_initrd
                0x0000000017809ae0      0x1d0 common/built-in.o
                0x0000000017809ae0                fdt_initrd
 .text.fdt_chosen
                0x0000000017809cb0       0xa8 common/built-in.o
                0x0000000017809cb0                fdt_chosen
 .text.do_fixup_by_path
                0x0000000017809d58       0x54 common/built-in.o
                0x0000000017809d58                do_fixup_by_path
 .text.fdt_fixup_memory_banks
                0x0000000017809dac      0x1a0 common/built-in.o
                0x0000000017809dac                fdt_fixup_memory_banks
 .text.fdt_fixup_memory
                0x0000000017809f4c       0x20 common/built-in.o
                0x0000000017809f4c                fdt_fixup_memory
 .text.fdt_fixup_ethernet
                0x0000000017809f6c      0x158 common/built-in.o
                0x0000000017809f6c                fdt_fixup_ethernet
 .text.fdt_shrink_to_minimum
                0x000000001780a0c4       0xcc common/built-in.o
                0x000000001780a0c4                fdt_shrink_to_minimum
 .text.do_flinfo
                0x000000001780a190        0x8 common/built-in.o
 .text.do_flerase
                0x000000001780a198        0x8 common/built-in.o
 .text.do_protect
                0x000000001780a1a0       0x10 common/built-in.o
 .text.strtou32
                0x000000001780a1b0       0x48 common/built-in.o
 .text.do_fuse  0x000000001780a1f8      0x360 common/built-in.o
 .text.do_i2c   0x000000001780a558       0x64 common/built-in.o
 .text.do_i2c_reset
                0x000000001780a5bc       0x30 common/built-in.o
 .text.do_i2c_probe
                0x000000001780a5ec       0x9c common/built-in.o
 .text.do_i2c_bus_num
                0x000000001780a688       0xb8 common/built-in.o
 .text.do_i2c_bus_speed
                0x000000001780a740       0x74 common/built-in.o
 .text.do_i2c_show_bus
                0x000000001780a7b4       0xd8 common/built-in.o
 .text.get_alen.constprop.5
                0x000000001780a88c       0x3c common/built-in.o
 .text.do_i2c_crc
                0x000000001780a8c8      0x124 common/built-in.o
 .text.do_i2c_read
                0x000000001780a9ec       0xbc common/built-in.o
 .text.do_i2c_md
                0x000000001780aaa8      0x1e8 common/built-in.o
 .text.do_i2c_mw
                0x000000001780ac90      0x100 common/built-in.o
 .text.do_i2c_write
                0x000000001780ad90      0x14c common/built-in.o
 .text.mod_i2c_mem.isra.4
                0x000000001780aedc      0x208 common/built-in.o
 .text.do_i2c_nm
                0x000000001780b0e4        0x8 common/built-in.o
 .text.do_i2c_mm
                0x000000001780b0ec        0x8 common/built-in.o
 .text.do_i2c_loop
                0x000000001780b0f4       0xe4 common/built-in.o
 .text.i2c_init_board
                0x000000001780b1d8        0x4 common/built-in.o
                0x000000001780b1d8                i2c_init_board
 .text.evalexp  0x000000001780b1dc       0x74 common/built-in.o
 .text.evalstr  0x000000001780b250       0x6c common/built-in.o
 .text.binary_test
                0x000000001780b2bc      0x1b8 common/built-in.o
 .text.do_itest
                0x000000001780b474       0x98 common/built-in.o
 .text.bin_data_init
                0x000000001780b50c       0x2c common/built-in.o
 .text.k_data_save
                0x000000001780b538       0x4c common/built-in.o
 .text.k_data_restore
                0x000000001780b584       0x4c common/built-in.o
 .text.getcxmodem
                0x000000001780b5d0       0x20 common/built-in.o
 .text.load_serial_ymodem
                0x000000001780b5f0       0xcc common/built-in.o
 .text.bin_data_char
                0x000000001780b6bc       0x2c common/built-in.o
 .text.chk1.constprop.1
                0x000000001780b6e8       0x2c common/built-in.o
 .text.s1_sendpacket.constprop.2
                0x000000001780b714       0x50 common/built-in.o
 .text.load_serial
                0x000000001780b764      0x1e0 common/built-in.o
 .text.do_load_serial
                0x000000001780b944       0xdc common/built-in.o
 .text.do_load_serial_bin
                0x000000001780ba20      0x7b0 common/built-in.o
 .text.do_mem_mw
                0x000000001780c1d0       0xc0 common/built-in.o
 .text.do_mem_loop
                0x000000001780c290       0xec common/built-in.o
 .text.do_mem_md
                0x000000001780c37c       0xec common/built-in.o
 .text.do_mem_cmp
                0x000000001780c468      0x16c common/built-in.o
 .text.do_mem_base
                0x000000001780c5d4       0x40 common/built-in.o
 .text.do_mem_cp
                0x000000001780c614       0xd8 common/built-in.o
 .text.do_mem_crc
                0x000000001780c6ec       0x48 common/built-in.o
 .text.do_mem_mtest
                0x000000001780c734      0x204 common/built-in.o
 .text.mod_mem.isra.2
                0x000000001780c938      0x164 common/built-in.o
 .text.do_mem_mm
                0x000000001780ca9c        0x8 common/built-in.o
 .text.do_mem_nm
                0x000000001780caa4        0x8 common/built-in.o
 .text.miiphy_get_dev_by_name
                0x000000001780caac       0x60 common/built-in.o
                0x000000001780caac                miiphy_get_dev_by_name
 .text.miiphy_init
                0x000000001780cb0c       0x24 common/built-in.o
                0x000000001780cb0c                miiphy_init
 .text.mdio_alloc
                0x000000001780cb30       0x30 common/built-in.o
                0x000000001780cb30                mdio_alloc
 .text.mdio_register
                0x000000001780cb60       0xa0 common/built-in.o
                0x000000001780cb60                mdio_register
 .text.mdio_list_devices
                0x000000001780cc00       0x98 common/built-in.o
                0x000000001780cc00                mdio_list_devices
 .text.miiphy_set_current_dev
                0x000000001780cc98       0x40 common/built-in.o
                0x000000001780cc98                miiphy_set_current_dev
 .text.miiphy_get_active_dev
                0x000000001780ccd8       0x54 common/built-in.o
 .text.mdio_get_current_dev
                0x000000001780cd2c       0x10 common/built-in.o
                0x000000001780cd2c                mdio_get_current_dev
 .text.mdio_phydev_for_ethname
                0x000000001780cd3c       0x88 common/built-in.o
                0x000000001780cd3c                mdio_phydev_for_ethname
 .text.miiphy_get_current_dev
                0x000000001780cdc4       0x18 common/built-in.o
                0x000000001780cdc4                miiphy_get_current_dev
 .text.miiphy_read
                0x000000001780cddc       0x4c common/built-in.o
                0x000000001780cddc                miiphy_read
 .text.miiphy_write
                0x000000001780ce28       0x40 common/built-in.o
                0x000000001780ce28                miiphy_write
 .text.miiphy_listdev
                0x000000001780ce68       0x74 common/built-in.o
                0x000000001780ce68                miiphy_listdev
 .text.miiphy_info
                0x000000001780cedc       0x88 common/built-in.o
                0x000000001780cedc                miiphy_info
 .text.miiphy_speed
                0x000000001780cf64       0x94 common/built-in.o
                0x000000001780cf64                miiphy_speed
 .text.miiphy_duplex
                0x000000001780cff8       0x94 common/built-in.o
                0x000000001780cff8                miiphy_duplex
 .text.miiphy_is_1000base_x
                0x000000001780d08c        0x8 common/built-in.o
                0x000000001780d08c                miiphy_is_1000base_x
 .text.extract_range
                0x000000001780d094       0xe4 common/built-in.o
 .text.do_mii   0x000000001780d178      0x7ac common/built-in.o
 .text.do_mdio  0x000000001780d924      0x4b8 common/built-in.o
 .text.do_sleep
                0x000000001780dddc       0x70 common/built-in.o
 .text.do_mmcops
                0x000000001780de4c       0xb4 common/built-in.o
 .text.init_mmc_device
                0x000000001780df00       0x54 common/built-in.o
 .text.do_mmc_rescan
                0x000000001780df54       0x24 common/built-in.o
 .text.do_mmc_rst_func
                0x000000001780df78       0xa0 common/built-in.o
 .text.do_mmc_partconf
                0x000000001780e018       0xb4 common/built-in.o
 .text.do_mmc_boot_resize
                0x000000001780e0cc       0xcc common/built-in.o
 .text.do_mmc_bootbus
                0x000000001780e198       0xb4 common/built-in.o
 .text.do_mmc_hwpartition
                0x000000001780e24c      0x51c common/built-in.o
 .text.do_mmc_list
                0x000000001780e768       0x14 common/built-in.o
 .text.do_mmc_dev
                0x000000001780e77c      0x134 common/built-in.o
 .text.do_mmc_part
                0x000000001780e8b0       0x5c common/built-in.o
 .text.do_mmc_erase
                0x000000001780e90c       0xe8 common/built-in.o
 .text.do_mmc_write
                0x000000001780e9f4      0x100 common/built-in.o
 .text.do_mmc_read
                0x000000001780eaf4       0xec common/built-in.o
 .text.do_mmcinfo
                0x000000001780ebe0      0x370 common/built-in.o
 .text.do_mmc_setdsr
                0x000000001780ef50       0xb0 common/built-in.o
 .text.cpu_cmd  0x000000001780f000      0x110 common/built-in.o
 .text.netboot_common
                0x000000001780f110      0x294 common/built-in.o
 .text.do_bootp
                0x000000001780f3a4        0xc common/built-in.o
 .text.do_dhcp  0x000000001780f3b0        0xc common/built-in.o
 .text.do_nfs   0x000000001780f3bc        0xc common/built-in.o
 .text.do_tftpb
                0x000000001780f3c8       0x40 common/built-in.o
                0x000000001780f3c8                do_tftpb
 .text.do_ping  0x000000001780f408       0x7c common/built-in.o
 .text.get_arg  0x000000001780f484       0x58 common/built-in.o
 .text.do_setexpr
                0x000000001780f4dc      0x140 common/built-in.o
 .text.do_false
                0x000000001780f61c        0x8 common/built-in.o
 .text.do_true  0x000000001780f624        0x8 common/built-in.o
 .text.do_test  0x000000001780f62c      0x33c common/built-in.o
 .text.usb_get_class_desc
                0x000000001780f968       0xbc common/built-in.o
 .text.usb_display_class_sub
                0x000000001780fa24      0x170 common/built-in.o
 .text.usb_find_device
                0x000000001780fb94       0x3c common/built-in.o
 .text.usb_show_tree_graph
                0x000000001780fbd0      0x21c common/built-in.o
 .text.usb_display_string
                0x000000001780fdec       0x44 common/built-in.o
 .text.usb_display_config
                0x000000001780fe30      0x20c common/built-in.o
 .text.do_usbboot
                0x000000001781003c        0xc common/built-in.o
 .text.do_usb_start
                0x0000000017810048       0x44 common/built-in.o
 .text.usb_display_desc.part.3
                0x000000001781008c      0x12c common/built-in.o
 .text.do_usb   0x00000000178101b8      0x780 common/built-in.o
 .text.usb_set_maxpacket_ep
                0x0000000017810938       0x70 common/built-in.o
 .text.usb_stop
                0x00000000178109a8       0x64 common/built-in.o
                0x00000000178109a8                usb_stop
 .text.usb_disable_asynch
                0x0000000017810a0c       0x20 common/built-in.o
                0x0000000017810a0c                usb_disable_asynch
 .text.usb_control_msg
                0x0000000017810a2c       0xc4 common/built-in.o
                0x0000000017810a2c                usb_control_msg
 .text.usb_get_descriptor
                0x0000000017810af0       0x50 common/built-in.o
 .text.usb_get_string
                0x0000000017810b40       0x6c common/built-in.o
 .text.usb_string_sub
                0x0000000017810bac      0x108 common/built-in.o
 .text.usb_bulk_msg
                0x0000000017810cb4       0x78 common/built-in.o
                0x0000000017810cb4                usb_bulk_msg
 .text.usb_maxpacket
                0x0000000017810d2c       0x1c common/built-in.o
                0x0000000017810d2c                usb_maxpacket
 .text.usb_clear_halt
                0x0000000017810d48       0x8c common/built-in.o
                0x0000000017810d48                usb_clear_halt
 .text.usb_get_configuration_no
                0x0000000017810dd4       0xbc common/built-in.o
                0x0000000017810dd4                usb_get_configuration_no
 .text.usb_set_interface
                0x0000000017810e90       0xa8 common/built-in.o
                0x0000000017810e90                usb_set_interface
 .text.usb_string
                0x0000000017810f38      0x100 common/built-in.o
                0x0000000017810f38                usb_string
 .text.usb_get_dev_index
                0x0000000017811038       0x24 common/built-in.o
                0x0000000017811038                usb_get_dev_index
 .text.usb_alloc_new_device
                0x000000001781105c       0x94 common/built-in.o
                0x000000001781105c                usb_alloc_new_device
 .text.usb_free_device
                0x00000000178110f0       0x48 common/built-in.o
                0x00000000178110f0                usb_free_device
 .text.usb_alloc_device
                0x0000000017811138        0x8 common/built-in.o
                0x0000000017811138                usb_alloc_device
 .text.usb_new_device
                0x0000000017811140      0x5c8 common/built-in.o
                0x0000000017811140                usb_new_device
 .text.usb_init
                0x0000000017811708      0x12c common/built-in.o
                0x0000000017811708                usb_init
 .text.usb_set_port_feature
                0x0000000017811834       0x4c common/built-in.o
 .text.usb_hub_power_on
                0x0000000017811880       0x44 common/built-in.o
 .text.usb_get_port_status
                0x00000000178118c4       0x4c common/built-in.o
 .text.usb_clear_port_feature
                0x0000000017811910       0x4c common/built-in.o
 .text.usb_get_hub_descriptor
                0x000000001781195c       0x50 common/built-in.o
 .text.usb_hub_reset_devices
                0x00000000178119ac        0x4 common/built-in.o
                0x00000000178119ac                usb_hub_reset_devices
 .text.usb_hub_reset
                0x00000000178119b0       0x14 common/built-in.o
                0x00000000178119b0                usb_hub_reset
 .text.hub_port_reset
                0x00000000178119c4       0x98 common/built-in.o
                0x00000000178119c4                hub_port_reset
 .text.usb_hub_port_connect_change
                0x0000000017811a5c      0x120 common/built-in.o
                0x0000000017811a5c                usb_hub_port_connect_change
 .text.usb_hub_configure
                0x0000000017811b7c      0x2d8 common/built-in.o
 .text.usb_hub_probe
                0x0000000017811e54       0x58 common/built-in.o
                0x0000000017811e54                usb_hub_probe
 .text.usb_stor_irq
                0x0000000017811eac       0x1c common/built-in.o
 .text.usb_stor_BBB_reset
                0x0000000017811ec8       0xd0 common/built-in.o
 .text.usb_stor_CB_reset
                0x0000000017811f98       0xcc common/built-in.o
 .text.usb_stor_BBB_clear_endpt_stall.isra.2
                0x0000000017812064       0x40 common/built-in.o
 .text.usb_stor_BBB_transport
                0x00000000178120a4      0x26c common/built-in.o
 .text.usb_stor_CB_comdat
                0x0000000017812310      0x214 common/built-in.o
 .text.usb_stor_CBI_get_status.isra.4
                0x0000000017812524       0xcc common/built-in.o
 .text.usb_stor_CB_transport
                0x00000000178125f0      0x228 common/built-in.o
 .text.usb_request_sense.constprop.10
                0x0000000017812818       0x70 common/built-in.o
 .text.usb_stor_write
                0x0000000017812888      0x1cc common/built-in.o
                0x0000000017812888                usb_stor_write
 .text.usb_stor_read
                0x0000000017812a54      0x1cc common/built-in.o
                0x0000000017812a54                usb_stor_read
 .text.usb_stor_get_dev
                0x0000000017812c20       0x28 common/built-in.o
                0x0000000017812c20                usb_stor_get_dev
 .text.usb_stor_info
                0x0000000017812c48       0x74 common/built-in.o
                0x0000000017812c48                usb_stor_info
 .text.usb_storage_probe
                0x0000000017812cbc      0x208 common/built-in.o
                0x0000000017812cbc                usb_storage_probe
 .text.usb_stor_get_info
                0x0000000017812ec4      0x324 common/built-in.o
                0x0000000017812ec4                usb_stor_get_info
 .text.usb_stor_scan
                0x00000000178131e8      0x200 common/built-in.o
                0x00000000178131e8                usb_stor_scan
 .text.do_imgextract
                0x00000000178133e8      0x28c common/built-in.o
 .text.splash_screen_prepare
                0x0000000017813674        0x8 common/built-in.o
                0x0000000017813674                splash_screen_prepare
 .text.splash_get_pos
                0x000000001781367c       0x84 common/built-in.o
                0x000000001781367c                splash_get_pos
 .text.do_env_delete
                0x0000000017813700       0x9c common/built-in.o
 .text.do_env_exists
                0x000000001781379c       0x64 common/built-in.o
 .text.do_env_save
                0x0000000017813800       0x2c common/built-in.o
 .text.do_env   0x000000001781382c       0x64 common/built-in.o
 .text.env_print
                0x0000000017813890       0xc0 common/built-in.o
 .text.do_env_print
                0x0000000017813950       0xc4 common/built-in.o
 .text.do_env_import
                0x0000000017813a14      0x28c common/built-in.o
 .text.do_env_default
                0x0000000017813ca0       0xa8 common/built-in.o
 .text._do_env_set.isra.1
                0x0000000017813d48      0x1b8 common/built-in.o
 .text.do_env_set
                0x0000000017813f00       0x1c common/built-in.o
 .text.get_env_id
                0x0000000017813f1c       0x10 common/built-in.o
                0x0000000017813f1c                get_env_id
 .text.setenv   0x0000000017813f2c       0x58 common/built-in.o
                0x0000000017813f2c                setenv
 .text.setenv_ulong
                0x0000000017813f84       0x20 common/built-in.o
                0x0000000017813f84                setenv_ulong
 .text.setenv_hex
                0x0000000017813fa4       0x34 common/built-in.o
                0x0000000017813fa4                setenv_hex
 .text.do_env_export
                0x0000000017813fd8      0x260 common/built-in.o
 .text.envmatch
                0x0000000017814238       0x6c common/built-in.o
                0x0000000017814238                envmatch
 .text.getenv_f
                0x00000000178142a4       0xc0 common/built-in.o
                0x00000000178142a4                getenv_f
 .text.getenv   0x0000000017814364       0x78 common/built-in.o
                0x0000000017814364                getenv
 .text.getenv_hex
                0x00000000178143dc       0x3c common/built-in.o
                0x00000000178143dc                getenv_hex
 .text.getenv_ulong
                0x0000000017814418       0x30 common/built-in.o
                0x0000000017814418                getenv_ulong
 .text.do_env_edit
                0x0000000017814448       0x78 common/built-in.o
 .text.env_get_char_spec
                0x00000000178144c0        0xc common/built-in.o
                0x00000000178144c0                env_get_char_spec
 .text.env_get_addr
                0x00000000178144cc       0x20 common/built-in.o
                0x00000000178144cc                env_get_addr
 .text.env_get_char_memory
                0x00000000178144ec       0x10 common/built-in.o
                0x00000000178144ec                env_get_char_memory
 .text.env_get_char
                0x00000000178144fc       0x30 common/built-in.o
                0x00000000178144fc                env_get_char
 .text.getenv_yesno
                0x000000001781452c       0x40 common/built-in.o
                0x000000001781452c                getenv_yesno
 .text.getenv_default
                0x000000001781456c       0x30 common/built-in.o
                0x000000001781456c                getenv_default
 .text.set_default_env
                0x000000001781459c       0xc0 common/built-in.o
                0x000000001781459c                set_default_env
 .text.set_default_vars
                0x000000001781465c       0x3c common/built-in.o
                0x000000001781465c                set_default_vars
 .text.env_import
                0x0000000017814698       0xe0 common/built-in.o
                0x0000000017814698                env_import
 .text.env_export
                0x0000000017814778       0xa0 common/built-in.o
                0x0000000017814778                env_export
 .text.env_relocate
                0x0000000017814818       0x30 common/built-in.o
                0x0000000017814818                env_relocate
 .text.env_complete
                0x0000000017814848       0xdc common/built-in.o
                0x0000000017814848                env_complete
 .text.console_setfile
                0x0000000017814924       0xc0 common/built-in.o
 .text.serial_printf
                0x00000000178149e4       0x4c common/built-in.o
                0x00000000178149e4                serial_printf
 .text.puts     0x0000000017814a30       0x34 common/built-in.o
                0x0000000017814a30                puts
 .text.printf   0x0000000017814a64       0x58 common/built-in.o
                0x0000000017814a64                printf
 .text.putc     0x0000000017814abc       0x34 common/built-in.o
                0x0000000017814abc                putc
 .text.fgetc    0x0000000017814af0       0x24 common/built-in.o
                0x0000000017814af0                fgetc
 .text.getc     0x0000000017814b14       0x24 common/built-in.o
                0x0000000017814b14                getc
 .text.ftstc    0x0000000017814b38       0x24 common/built-in.o
                0x0000000017814b38                ftstc
 .text.tstc     0x0000000017814b5c       0x24 common/built-in.o
                0x0000000017814b5c                tstc
 .text.vprintf  0x0000000017814b80       0x3c common/built-in.o
                0x0000000017814b80                vprintf
 .text.ctrlc    0x0000000017814bbc       0x58 common/built-in.o
                0x0000000017814bbc                ctrlc
 .text.confirm_yesno
                0x0000000017814c14       0xd4 common/built-in.o
                0x0000000017814c14                confirm_yesno
 .text.had_ctrlc
                0x0000000017814ce8       0x10 common/built-in.o
                0x0000000017814ce8                had_ctrlc
 .text.clear_ctrlc
                0x0000000017814cf8       0x14 common/built-in.o
                0x0000000017814cf8                clear_ctrlc
 .text.search_device
                0x0000000017814d0c       0x28 common/built-in.o
                0x0000000017814d0c                search_device
 .text.console_assign
                0x0000000017814d34       0x48 common/built-in.o
                0x0000000017814d34                console_assign
 .text.on_console
                0x0000000017814d7c       0xc0 common/built-in.o
 .text.console_init_f
                0x0000000017814e3c       0x10 common/built-in.o
                0x0000000017814e3c                console_init_f
 .text.stdio_print_current_devices
                0x0000000017814e4c       0xb0 common/built-in.o
                0x0000000017814e4c                stdio_print_current_devices
 .text.console_init_r
                0x0000000017814efc      0x194 common/built-in.o
                0x0000000017814efc                console_init_r
 .text.sbrk     0x0000000017815090       0x70 common/built-in.o
                0x0000000017815090                sbrk
 .text.mem_malloc_init
                0x0000000017815100       0x34 common/built-in.o
                0x0000000017815100                mem_malloc_init
 .text.malloc_trim
                0x0000000017815134       0xcc common/built-in.o
                0x0000000017815134                malloc_trim
 .text.free     0x0000000017815200      0x24c common/built-in.o
                0x0000000017815200                free
 .text.malloc   0x000000001781544c      0x62c common/built-in.o
                0x000000001781544c                malloc
 .text.calloc   0x0000000017815a78      0x148 common/built-in.o
                0x0000000017815a78                calloc
 .text.realloc  0x0000000017815bc0      0x4dc common/built-in.o
                0x0000000017815bc0                realloc
 .text.memalign
                0x000000001781609c      0x10c common/built-in.o
                0x000000001781609c                memalign
 .text.malloc_simple
                0x00000000178161a8       0x30 common/built-in.o
                0x00000000178161a8                malloc_simple
 .text.on_loadaddr
                0x00000000178161d8       0x38 common/built-in.o
 .text.image_check_hcrc
                0x0000000017816210       0x4c common/built-in.o
                0x0000000017816210                image_check_hcrc
 .text.image_check_dcrc
                0x000000001781625c       0x38 common/built-in.o
                0x000000001781625c                image_check_dcrc
 .text.image_multi_count
                0x0000000017816294       0x1c common/built-in.o
                0x0000000017816294                image_multi_count
 .text.image_multi_getimg
                0x00000000178162b0       0x80 common/built-in.o
                0x00000000178162b0                image_multi_getimg
 .text.getenv_bootm_low
                0x0000000017816330       0x30 common/built-in.o
                0x0000000017816330                getenv_bootm_low
 .text.getenv_bootm_size
                0x0000000017816360       0x5c common/built-in.o
                0x0000000017816360                getenv_bootm_size
 .text.getenv_bootm_mapsize
                0x00000000178163bc       0x30 common/built-in.o
                0x00000000178163bc                getenv_bootm_mapsize
 .text.memmove_wd
                0x00000000178163ec        0xc common/built-in.o
                0x00000000178163ec                memmove_wd
 .text.genimg_print_size
                0x00000000178163f8       0x30 common/built-in.o
                0x00000000178163f8                genimg_print_size
 .text.get_table_entry_name
                0x0000000017816428       0x2c common/built-in.o
                0x0000000017816428                get_table_entry_name
 .text.genimg_get_os_name
                0x0000000017816454       0x18 common/built-in.o
                0x0000000017816454                genimg_get_os_name
 .text.genimg_get_arch_name
                0x000000001781646c       0x18 common/built-in.o
                0x000000001781646c                genimg_get_arch_name
 .text.genimg_get_type_name
                0x0000000017816484       0x18 common/built-in.o
                0x0000000017816484                genimg_get_type_name
 .text.genimg_get_comp_name
                0x000000001781649c       0x18 common/built-in.o
                0x000000001781649c                genimg_get_comp_name
 .text.image_print_contents
                0x00000000178164b4      0x174 common/built-in.o
                0x00000000178164b4                image_print_contents
 .text.genimg_get_kernel_addr_fit
                0x0000000017816628       0x24 common/built-in.o
                0x0000000017816628                genimg_get_kernel_addr_fit
 .text.genimg_get_format
                0x000000001781664c       0x34 common/built-in.o
                0x000000001781664c                genimg_get_format
 .text.genimg_get_image
                0x0000000017816680        0x4 common/built-in.o
                0x0000000017816680                genimg_get_image
 .text.genimg_has_config
                0x0000000017816684        0x8 common/built-in.o
                0x0000000017816684                genimg_has_config
 .text.boot_get_ramdisk
                0x000000001781668c      0x238 common/built-in.o
                0x000000001781668c                boot_get_ramdisk
 .text.boot_ramdisk_high
                0x00000000178168c4      0x13c common/built-in.o
                0x00000000178168c4                boot_ramdisk_high
 .text.boot_get_setup
                0x0000000017816a00        0x8 common/built-in.o
                0x0000000017816a00                boot_get_setup
 .text.image_setup_linux
                0x0000000017816a08       0x8c common/built-in.o
                0x0000000017816a08                image_setup_linux
 .text.fdt_error
                0x0000000017816a94       0x2c common/built-in.o
 .text.boot_fdt_add_mem_rsv_regions
                0x0000000017816ac0       0x88 common/built-in.o
                0x0000000017816ac0                boot_fdt_add_mem_rsv_regions
 .text.boot_relocate_fdt
                0x0000000017816b48      0x194 common/built-in.o
                0x0000000017816b48                boot_relocate_fdt
 .text.boot_get_fdt
                0x0000000017816cdc      0x2ac common/built-in.o
                0x0000000017816cdc                boot_get_fdt
 .text.ft_verify_fdt
                0x0000000017816f88        0x8 common/built-in.o
                0x0000000017816f88                ft_verify_fdt
 .text.image_setup_libfdt
                0x0000000017816f90       0xe8 common/built-in.o
                0x0000000017816f90                image_setup_libfdt
 .text.get_effective_memsize
                0x0000000017817078        0x8 common/built-in.o
                0x0000000017817078                get_effective_memsize
 .text.nulldev_putc
                0x0000000017817080        0x4 common/built-in.o
 .text.nulldev_puts
                0x0000000017817084        0x4 common/built-in.o
 .text.nulldev_input
                0x0000000017817088        0x8 common/built-in.o
 .text.stdio_serial_tstc
                0x0000000017817090        0x4 common/built-in.o
 .text.stdio_serial_getc
                0x0000000017817094        0x4 common/built-in.o
 .text.stdio_serial_puts
                0x0000000017817098        0x8 common/built-in.o
 .text.stdio_serial_putc
                0x00000000178170a0        0x8 common/built-in.o
 .text.stdio_get_list
                0x00000000178170a8        0xc common/built-in.o
                0x00000000178170a8                stdio_get_list
 .text.stdio_get_by_name
                0x00000000178170b4       0x5c common/built-in.o
                0x00000000178170b4                stdio_get_by_name
 .text.stdio_clone
                0x0000000017817110       0x38 common/built-in.o
                0x0000000017817110                stdio_clone
 .text.stdio_register_dev
                0x0000000017817148       0x50 common/built-in.o
                0x0000000017817148                stdio_register_dev
 .text.stdio_register
                0x0000000017817198        0x8 common/built-in.o
                0x0000000017817198                stdio_register
 .text.stdio_init_tables
                0x00000000178171a0       0x1c common/built-in.o
                0x00000000178171a0                stdio_init_tables
 .text.stdio_add_devices
                0x00000000178171bc       0xd4 common/built-in.o
                0x00000000178171bc                stdio_add_devices
 .text.run_command
                0x0000000017817290       0x10 common/built-in.o
                0x0000000017817290                run_command
 .text.run_command_list
                0x00000000178172a0       0x5c common/built-in.o
                0x00000000178172a0                run_command_list
 .text.do_run   0x00000000178172fc       0x78 common/built-in.o
                0x00000000178172fc                do_run
 .text.cli_loop
                0x0000000017817374        0xc common/built-in.o
                0x0000000017817374                cli_loop
 .text.cli_init
                0x0000000017817380        0x4 common/built-in.o
                0x0000000017817380                cli_init
 .text.delete_char.part.0
                0x0000000017817384       0xd4 common/built-in.o
 .text.cread_add_char
                0x0000000017817458       0xec common/built-in.o
 .text.cli_readline_into_buffer
                0x0000000017817544      0x9c4 common/built-in.o
                0x0000000017817544                cli_readline_into_buffer
 .text.cli_readline
                0x0000000017817f08       0x14 common/built-in.o
                0x0000000017817f08                cli_readline
 .text.find_cmd_tbl
                0x0000000017817f1c       0xa4 common/built-in.o
                0x0000000017817f1c                find_cmd_tbl
 .text.find_cmd
                0x0000000017817fc0       0x28 common/built-in.o
                0x0000000017817fc0                find_cmd
 .text.cmd_usage
                0x0000000017817fe8       0x5c common/built-in.o
                0x0000000017817fe8                cmd_usage
 .text._do_help
                0x0000000017818044      0x180 common/built-in.o
                0x0000000017818044                _do_help
 .text.var_complete
                0x00000000178181c4       0x7c common/built-in.o
                0x00000000178181c4                var_complete
 .text.cmd_auto_complete
                0x0000000017818240      0x4b4 common/built-in.o
                0x0000000017818240                cmd_auto_complete
 .text.cmd_get_data_size
                0x00000000178186f4       0x5c common/built-in.o
                0x00000000178186f4                cmd_get_data_size
 .text.cmd_process
                0x0000000017818750       0xf4 common/built-in.o
                0x0000000017818750                cmd_process
 .text.cmd_process_error
                0x0000000017818844       0x34 common/built-in.o
                0x0000000017818844                cmd_process_error
 .text.hex1_bin
                0x0000000017818878       0x40 common/built-in.o
 .text.hex2_bin
                0x00000000178188b8       0x38 common/built-in.o
 .text.srec_decode
                0x00000000178188f0      0x254 common/built-in.o
                0x00000000178188f0                srec_decode
 .text.CYGACC_COMM_IF_GETC_TIMEOUT.isra.0
                0x0000000017818b44       0x5c common/built-in.o
 .text.xyzModem_flush
                0x0000000017818ba0       0x1c common/built-in.o
 .text.xyzModem_get_hdr
                0x0000000017818bbc      0x230 common/built-in.o
 .text.xyzModem_stream_open
                0x0000000017818dec      0x23c common/built-in.o
                0x0000000017818dec                xyzModem_stream_open
 .text.xyzModem_stream_read
                0x0000000017819028      0x258 common/built-in.o
                0x0000000017819028                xyzModem_stream_read
 .text.xyzModem_stream_close
                0x0000000017819280       0x54 common/built-in.o
                0x0000000017819280                xyzModem_stream_close
 .text.xyzModem_stream_terminate
                0x00000000178192d4       0x94 common/built-in.o
                0x00000000178192d4                xyzModem_stream_terminate
 .text.xyzModem_error
                0x0000000017819368       0x20 common/built-in.o
                0x0000000017819368                xyzModem_error
 .text.common_diskboot
                0x0000000017819388      0x238 common/built-in.o
                0x0000000017819388                common_diskboot
 .text.get_dev_hwpart
                0x00000000178195c0       0xb0 disk/built-in.o
 .text.dev_print
                0x0000000017819670      0x204 disk/built-in.o
                0x0000000017819670                dev_print
 .text.init_part
                0x0000000017819874       0x20 disk/built-in.o
                0x0000000017819874                init_part
 .text.print_part
                0x0000000017819894       0xf4 disk/built-in.o
                0x0000000017819894                print_part
 .text.get_partition_info
                0x0000000017819988       0x2c disk/built-in.o
                0x0000000017819988                get_partition_info
 .text.get_device
                0x00000000178199b4      0x114 disk/built-in.o
                0x00000000178199b4                get_device
 .text.get_device_and_partition
                0x0000000017819ac8      0x43c disk/built-in.o
                0x0000000017819ac8                get_device_and_partition
 .text.test_block_type
                0x0000000017819f04       0x84 disk/built-in.o
 .text.print_partition_extended
                0x0000000017819f88      0x278 disk/built-in.o
 .text.get_partition_info_extended.constprop.2
                0x000000001781a200      0x2e8 disk/built-in.o
 .text.test_part_dos
                0x000000001781a4e8       0x64 disk/built-in.o
                0x000000001781a4e8                test_part_dos
 .text.print_part_dos
                0x000000001781a54c       0x34 disk/built-in.o
                0x000000001781a54c                print_part_dos
 .text.get_partition_info_dos
                0x000000001781a580       0x20 disk/built-in.o
                0x000000001781a580                get_partition_info_dos
 .text.device_bind
                0x000000001781a5a0      0x268 drivers/built-in.o
                0x000000001781a5a0                device_bind
 .text.device_bind_by_name
                0x000000001781a808       0x5c drivers/built-in.o
                0x000000001781a808                device_bind_by_name
 .text.device_probe
                0x000000001781a864        0x8 drivers/built-in.o
                0x000000001781a864                device_probe
 .text.device_probe_child
                0x000000001781a86c      0x208 drivers/built-in.o
                0x000000001781a86c                device_probe_child
 .text.dev_get_platdata
                0x000000001781aa74       0x34 drivers/built-in.o
                0x000000001781aa74                dev_get_platdata
 .text.dev_get_priv
                0x000000001781aaa8       0x34 drivers/built-in.o
                0x000000001781aaa8                dev_get_priv
 .text.lists_driver_lookup_name
                0x000000001781aadc       0x4c drivers/built-in.o
                0x000000001781aadc                lists_driver_lookup_name
 .text.lists_uclass_lookup
                0x000000001781ab28       0x3c drivers/built-in.o
                0x000000001781ab28                lists_uclass_lookup
 .text.lists_bind_drivers
                0x000000001781ab64       0x88 drivers/built-in.o
                0x000000001781ab64                lists_bind_drivers
 .text.dm_root  0x000000001781abec       0x28 drivers/built-in.o
                0x000000001781abec                dm_root
 .text.dm_init  0x000000001781ac14       0x58 drivers/built-in.o
                0x000000001781ac14                dm_init
 .text.dm_scan_platdata
                0x000000001781ac6c       0x2c drivers/built-in.o
                0x000000001781ac6c                dm_scan_platdata
 .text.dm_scan_other
                0x000000001781ac98        0x8 drivers/built-in.o
                0x000000001781ac98                dm_scan_other
 .text.dm_init_and_scan
                0x000000001781aca0       0x30 drivers/built-in.o
                0x000000001781aca0                dm_init_and_scan
 .text.uclass_find
                0x000000001781acd0       0x4c drivers/built-in.o
                0x000000001781acd0                uclass_find
 .text.uclass_get
                0x000000001781ad1c      0x134 drivers/built-in.o
                0x000000001781ad1c                uclass_get
 .text.uclass_find_device
                0x000000001781ae50       0x68 drivers/built-in.o
                0x000000001781ae50                uclass_find_device
 .text.uclass_find_device_by_seq
                0x000000001781aeb8       0x7c drivers/built-in.o
                0x000000001781aeb8                uclass_find_device_by_seq
 .text.uclass_get_device
                0x000000001781af34       0x3c drivers/built-in.o
                0x000000001781af34                uclass_get_device
 .text.uclass_bind_device
                0x000000001781af70       0xa4 drivers/built-in.o
                0x000000001781af70                uclass_bind_device
 .text.uclass_unbind_device
                0x000000001781b014       0x50 drivers/built-in.o
                0x000000001781b014                uclass_unbind_device
 .text.uclass_resolve_seq
                0x000000001781b064       0xb0 drivers/built-in.o
                0x000000001781b064                uclass_resolve_seq
 .text.uclass_pre_probe_child
                0x000000001781b114       0x2c drivers/built-in.o
                0x000000001781b114                uclass_pre_probe_child
 .text.uclass_post_probe_device
                0x000000001781b140       0x20 drivers/built-in.o
                0x000000001781b140                uclass_post_probe_device
 .text.uclass_pre_remove_device
                0x000000001781b160       0x5c drivers/built-in.o
                0x000000001781b160                uclass_pre_remove_device
 .text.dm_warn  0x000000001781b1bc       0x28 drivers/built-in.o
                0x000000001781b1bc                dm_warn
 .text.device_free
                0x000000001781b1e4       0x90 drivers/built-in.o
                0x000000001781b1e4                device_free
 .text.device_remove
                0x000000001781b274      0x138 drivers/built-in.o
                0x000000001781b274                device_remove
 .text.finish_access
                0x000000001781b3ac       0x2c drivers/built-in.o
 .text.set_timing
                0x000000001781b3d8       0xb8 drivers/built-in.o
 .text.prepare_access
                0x000000001781b490       0x8c drivers/built-in.o
 .text.fuse_bank_physical
                0x000000001781b51c       0x78 drivers/built-in.o
                0x000000001781b51c                fuse_bank_physical
 .text.fuse_read
                0x000000001781b594       0x74 drivers/built-in.o
                0x000000001781b594                fuse_read
 .text.fuse_sense
                0x000000001781b608       0xac drivers/built-in.o
                0x000000001781b608                fuse_sense
 .text.fuse_prog
                0x000000001781b6b4       0xa8 drivers/built-in.o
                0x000000001781b6b4                fuse_prog
 .text.fuse_override
                0x000000001781b75c       0x6c drivers/built-in.o
                0x000000001781b75c                fuse_override
 .text.video_drawchars
                0x000000001781b7c8      0x44c drivers/built-in.o
 .text.draw_bitmap
                0x000000001781bc14       0xdc drivers/built-in.o
 .text.console_newline.constprop.1
                0x000000001781bcf0       0xe0 drivers/built-in.o
 .text.video_putc
                0x000000001781bdd0      0x194 drivers/built-in.o
 .text.video_puts
                0x000000001781bf64       0x7c drivers/built-in.o
 .text.board_cfb_skip
                0x000000001781bfe0        0x8 drivers/built-in.o
                0x000000001781bfe0                board_cfb_skip
 .text.video_set_lut
                0x000000001781bfe8        0x8 drivers/built-in.o
                0x000000001781bfec                video_set_lut
 .text.display_rle8_bitmap
                0x000000001781bff0      0x348 drivers/built-in.o
 .text.plot_logo_or_black
                0x000000001781c338      0x268 drivers/built-in.o
 .text.do_clrlogo
                0x000000001781c5a0       0x58 drivers/built-in.o
 .text.video_display_bitmap
                0x000000001781c5f8      0x988 drivers/built-in.o
                0x000000001781c5f8                video_display_bitmap
 .text.video_clear
                0x000000001781cf80       0x54 drivers/built-in.o
                0x000000001781cf80                video_clear
 .text.drv_video_init
                0x000000001781cfd4      0x448 drivers/built-in.o
                0x000000001781cfd4                drv_video_init
 .text.mxcfb_map_video_memory
                0x000000001781d41c       0x88 drivers/built-in.o
 .text.ipuv3_fb_shutdown
                0x000000001781d4a4       0x60 drivers/built-in.o
                0x000000001781d4a4                ipuv3_fb_shutdown
 .text.video_hw_init
                0x000000001781d504      0x5cc drivers/built-in.o
                0x000000001781d504                video_hw_init
 .text.ipuv3_fb_init
                0x000000001781dad0       0x2c drivers/built-in.o
                0x000000001781dad0                ipuv3_fb_init
 .text.clk_ipu_enable
                0x000000001781dafc       0x20 drivers/built-in.o
 .text.clk_ipu_disable
                0x000000001781db1c       0x1c drivers/built-in.o
 .text.clk_ldb_clk_enable
                0x000000001781db38       0x20 drivers/built-in.o
 .text.clk_ldb_clk_disable
                0x000000001781db58       0x1c drivers/built-in.o
 .text.ipu_pixel_clk_enable
                0x000000001781db74       0x28 drivers/built-in.o
 .text.ipu_pixel_clk_disable
                0x000000001781db9c       0x24 drivers/built-in.o
 .text.ipu_pixel_clk_round_rate
                0x000000001781dbc0      0x118 drivers/built-in.o
 .text.ipu_pixel_clk_set_rate
                0x000000001781dcd8       0xe8 drivers/built-in.o
 .text.ipu_pixel_clk_recalc
                0x000000001781ddc0       0x7c drivers/built-in.o
 .text.ipu_pixel_clk_set_parent
                0x000000001781de3c       0x84 drivers/built-in.o
 .text.clk_enable
                0x000000001781dec0       0x24 drivers/built-in.o
                0x000000001781dec0                clk_enable
 .text.clk_disable
                0x000000001781dee4       0x30 drivers/built-in.o
                0x000000001781dee4                clk_disable
 .text.clk_get_usecount
                0x000000001781df14        0xc drivers/built-in.o
                0x000000001781df14                clk_get_usecount
 .text.clk_get_rate
                0x000000001781df20        0xc drivers/built-in.o
                0x000000001781df20                clk_get_rate
 .text.clk_get_parent
                0x000000001781df2c        0xc drivers/built-in.o
                0x000000001781df2c                clk_get_parent
 .text.clk_set_rate
                0x000000001781df38       0x24 drivers/built-in.o
                0x000000001781df38                clk_set_rate
 .text.clk_round_rate
                0x000000001781df5c       0x20 drivers/built-in.o
                0x000000001781df5c                clk_round_rate
 .text.clk_set_parent
                0x000000001781df7c       0x1c drivers/built-in.o
                0x000000001781df7c                clk_set_parent
 .text.ipu_probe
                0x000000001781df98      0x158 drivers/built-in.o
                0x000000001781df98                ipu_probe
 .text.ipu_dump_registers
                0x000000001781e0f0        0x4 drivers/built-in.o
                0x000000001781e0f0                ipu_dump_registers
 .text.ipu_init_channel
                0x000000001781e0f4      0x1fc drivers/built-in.o
                0x000000001781e0f4                ipu_init_channel
 .text.ipu_uninit_channel
                0x000000001781e2f0      0x220 drivers/built-in.o
                0x000000001781e2f0                ipu_uninit_channel
 .text.ipu_enable_channel
                0x000000001781e510       0xe8 drivers/built-in.o
                0x000000001781e510                ipu_enable_channel
 .text.ipu_clear_buffer_ready
                0x000000001781e5f8       0x7c drivers/built-in.o
                0x000000001781e5f8                ipu_clear_buffer_ready
 .text.ipu_disable_channel
                0x000000001781e674      0x198 drivers/built-in.o
                0x000000001781e674                ipu_disable_channel
 .text.bytes_per_pixel
                0x000000001781e80c       0xec drivers/built-in.o
                0x000000001781e80c                bytes_per_pixel
 .text.ipu_init_channel_buffer
                0x000000001781e8f8      0x5c0 drivers/built-in.o
                0x000000001781e8f8                ipu_init_channel_buffer
 .text.format_to_colorspace
                0x000000001781eeb8       0xc4 drivers/built-in.o
                0x000000001781eeb8                format_to_colorspace
 .text.ipu_dc_map_config
                0x000000001781ef7c       0x70 drivers/built-in.o
 .text.rgb_to_yuv
                0x000000001781efec       0x70 drivers/built-in.o
 .text.ipu_dc_link_event
                0x000000001781f05c      0x170 drivers/built-in.o
 .text.ipu_dp_csc_setup.isra.0
                0x000000001781f1cc      0x100 drivers/built-in.o
 .text.ipu_di_sync_config.constprop.3
                0x000000001781f2cc       0xf0 drivers/built-in.o
 .text.ipu_dmfc_init
                0x000000001781f3bc      0x158 drivers/built-in.o
                0x000000001781f3bc                ipu_dmfc_init
 .text.ipu_dmfc_set_wait4eot
                0x000000001781f514      0x130 drivers/built-in.o
                0x000000001781f514                ipu_dmfc_set_wait4eot
 .text.ipu_dp_init
                0x000000001781f644      0x1f8 drivers/built-in.o
                0x000000001781f644                ipu_dp_init
 .text.ipu_dp_uninit
                0x000000001781f83c       0x7c drivers/built-in.o
                0x000000001781f83c                ipu_dp_uninit
 .text.ipu_dc_init
                0x000000001781f8b8      0x2d0 drivers/built-in.o
                0x000000001781f8b8                ipu_dc_init
 .text.ipu_dc_uninit
                0x000000001781fb88      0x1b4 drivers/built-in.o
                0x000000001781fb88                ipu_dc_uninit
 .text.ipu_dp_dc_enable
                0x000000001781fd3c      0x1c4 drivers/built-in.o
                0x000000001781fd3c                ipu_dp_dc_enable
 .text.ipu_dp_dc_disable
                0x000000001781ff00      0x31c drivers/built-in.o
                0x000000001781ff00                ipu_dp_dc_disable
 .text.ipu_init_dc_mappings
                0x000000001782021c      0x184 drivers/built-in.o
                0x000000001782021c                ipu_init_dc_mappings
 .text.ipu_init_sync_panel
                0x00000000178203a0      0x7c4 drivers/built-in.o
                0x00000000178203a0                ipu_init_sync_panel
 .text.ipu_disp_set_global_alpha
                0x0000000017820b64      0x100 drivers/built-in.o
                0x0000000017820b64                ipu_disp_set_global_alpha
 .text.ipu_disp_set_color_key
                0x0000000017820c64      0x1a4 drivers/built-in.o
                0x0000000017820c64                ipu_disp_set_color_key
 .text.reset_cpu
                0x0000000017820e08       0x28 drivers/built-in.o
                0x0000000017820e08                reset_cpu
 .text.thermal_get_temp
                0x0000000017820e30       0x20 drivers/built-in.o
                0x0000000017820e30                thermal_get_temp
 .text.read_cpu_temperature
                0x0000000017820e50      0x144 drivers/built-in.o
 .text.imx_thermal_get_temp
                0x0000000017820f94       0x48 drivers/built-in.o
                0x0000000017820f94                imx_thermal_get_temp
 .text.imx_thermal_probe
                0x0000000017820fdc       0x7c drivers/built-in.o
 .text.gpio_set_value
                0x0000000017821058       0x44 drivers/gpio/built-in.o
                0x0000000017821058                gpio_set_value
 .text.gpio_get_value
                0x000000001782109c       0x34 drivers/gpio/built-in.o
                0x000000001782109c                gpio_get_value
 .text.gpio_request
                0x00000000178210d0       0x10 drivers/gpio/built-in.o
                0x00000000178210d0                gpio_request
 .text.gpio_free
                0x00000000178210e0        0x8 drivers/gpio/built-in.o
                0x00000000178210e0                gpio_free
 .text.gpio_direction_input
                0x00000000178210e8       0x3c drivers/gpio/built-in.o
                0x00000000178210e8                gpio_direction_input
 .text.gpio_direction_output
                0x0000000017821124       0x50 drivers/gpio/built-in.o
                0x0000000017821124                gpio_direction_output
 .text.i2c_get_adapter
                0x0000000017821174       0x64 drivers/i2c/built-in.o
                0x0000000017821174                i2c_get_adapter
 .text.i2c_init_bus
                0x00000000178211d8       0x90 drivers/i2c/built-in.o
 .text.i2c_get_bus_num
                0x0000000017821268        0x8 drivers/i2c/built-in.o
                0x0000000017821268                i2c_get_bus_num
 .text.i2c_set_bus_num
                0x0000000017821270       0xbc drivers/i2c/built-in.o
                0x0000000017821270                i2c_set_bus_num
 .text.i2c_init_all
                0x000000001782132c       0x14 drivers/i2c/built-in.o
                0x000000001782132c                i2c_init_all
 .text.i2c_probe
                0x0000000017821340       0x2c drivers/i2c/built-in.o
                0x0000000017821340                i2c_probe
 .text.i2c_read
                0x000000001782136c       0x4c drivers/i2c/built-in.o
                0x000000001782136c                i2c_read
 .text.i2c_write
                0x00000000178213b8       0x4c drivers/i2c/built-in.o
                0x00000000178213b8                i2c_write
 .text.i2c_set_bus_speed
                0x0000000017821404       0x64 drivers/i2c/built-in.o
                0x0000000017821404                i2c_set_bus_speed
 .text.i2c_get_bus_speed
                0x0000000017821468       0x14 drivers/i2c/built-in.o
                0x0000000017821468                i2c_get_bus_speed
 .text.i2c_init