soc.c:60:5:get_nr_cpus	0	static
soc.c:66:5:get_cpu_rev	0	static
soc.c:95:12:get_board_rev	8	static
soc.c:109:6:init_aips	0	static
soc.c:420:5:arch_cpu_init	8	static
soc.c:515:5:board_postclk_init	8	static
soc.c:536:6:enable_caches	8	static
soc.c:561:6:imx_get_mac_from_fuse	0	static
soc.c:643:6:boot_mode_apply	0	static
soc.c:678:18:get_boot_device	0	static
soc.c:721:6:s_init	8	static
soc.c:765:6:set_wdog_reset	0	static
soc.c:791:5:check_ldo_bypass	8	static
soc.c:815:5:check_1_2G	8	static
soc.c:846:6:set_arm_freq_400M	0	static
soc.c:856:6:prep_anatop_bypass	0	static
soc.c:879:5:set_anatop_bypass	8	static
soc.c:899:6:finish_anatop_bypass	0	static
soc.c:907:6:imx_enable_hdmi_phy	16	static
soc.c:923:6:imx_setup_hdmi	0	static
soc.c:960:6:v7_outer_cache_enable	0	static
soc.c:1011:6:v7_outer_cache_disable	0	static
