mx6sabresd.c:764:13:enable_lvds	0	static
mx6sabresd.c:225:13:enable_rgb	8	static
mx6sabresd.c:758:13:do_enable_hdmi	0	static
mx6sabresd.c:91:5:dram_init	8	static
mx6sabresd.c:320:5:mmc_get_env_devno	0	static
mx6sabresd.c:344:5:mmc_map_to_kernel_blk	0	static
mx6sabresd.c:352:5:board_mmc_getcd	8	static
mx6sabresd.c:372:5:board_mmc_init	16	static
mx6sabresd.c:458:5:check_mmc_autodetect	8	static
mx6sabresd.c:470:6:board_late_mmc_env_init	72	static
mx6sabresd.c:712:5:mx6_rgmii_rework	16	static
mx6sabresd.c:735:5:board_phy_config	8	static
mx6sabresd.c:897:5:overwrite_console	0	static
mx6sabresd.c:902:5:board_eth_init	8	static
mx6sabresd.c:938:5:board_ehci_hcd_init	0	static
mx6sabresd.c:953:5:board_ehci_power	8	static
mx6sabresd.c:973:5:board_early_init_f	8	static
mx6sabresd.c:983:5:board_init	8	static
mx6sabresd.c:1009:5:power_init_board	16	static
mx6sabresd.c:1061:6:ldo_mode_set	24	static
mx6sabresd.c:1159:5:board_late_init	8	static
mx6sabresd.c:1171:5:checkboard	8	static
