Archive member included because of file (symbol)

/second_extend/yocto_file/new_fsl_bsp/build/tmp/sysroots/imx6qsabresd/usr/lib/arm-poky-linux-gnueabi/4.9.2/libgcc.a(_udivsi3.o)
                              arch/arm/cpu/armv7/built-in.o (__aeabi_uidiv)
/second_extend/yocto_file/new_fsl_bsp/build/tmp/sysroots/imx6qsabresd/usr/lib/arm-poky-linux-gnueabi/4.9.2/libgcc.a(_divsi3.o)
                              common/built-in.o (__aeabi_idiv)
/second_extend/yocto_file/new_fsl_bsp/build/tmp/sysroots/imx6qsabresd/usr/lib/arm-poky-linux-gnueabi/4.9.2/libgcc.a(_lshrdi3.o)
                              fs/built-in.o (__aeabi_llsr)
/second_extend/yocto_file/new_fsl_bsp/build/tmp/sysroots/imx6qsabresd/usr/lib/arm-poky-linux-gnueabi/4.9.2/libgcc.a(_ashldi3.o)
                              drivers/mmc/built-in.o (__aeabi_llsl)
/second_extend/yocto_file/new_fsl_bsp/build/tmp/sysroots/imx6qsabresd/usr/lib/arm-poky-linux-gnueabi/4.9.2/libgcc.a(_dvmd_lnx.o)
                              /second_extend/yocto_file/new_fsl_bsp/build/tmp/sysroots/imx6qsabresd/usr/lib/arm-poky-linux-gnueabi/4.9.2/libgcc.a(_udivsi3.o) (__aeabi_idiv0)

Discarded input sections

 .data          0x0000000000000000        0x0 arch/arm/cpu/armv7/start.o
 .bss           0x0000000000000000        0x0 arch/arm/cpu/armv7/start.o
 .text.v7_outer_cache_flush_all
                0x0000000000000000        0x4 arch/arm/cpu/armv7/built-in.o
 .text.v7_outer_cache_inval_all
                0x0000000000000000        0x4 arch/arm/cpu/armv7/built-in.o
 .text.v7_outer_cache_flush_range
                0x0000000000000000        0x4 arch/arm/cpu/armv7/built-in.o
 .text.v7_outer_cache_inval_range
                0x0000000000000000        0x4 arch/arm/cpu/armv7/built-in.o
 .text.v7_arch_cp15_set_l2aux_ctrl
                0x0000000000000000        0x8 arch/arm/cpu/armv7/built-in.o
 .text.v7_arch_cp15_set_acr
                0x0000000000000000        0x8 arch/arm/cpu/armv7/built-in.o
 .text.sdelay   0x0000000000000000        0xc arch/arm/cpu/armv7/built-in.o
 .text.wait_on_value
                0x0000000000000000       0x34 arch/arm/cpu/armv7/built-in.o
 .text.get_boot_device
                0x0000000000000000       0x9c arch/arm/cpu/armv7/built-in.o
 .text.set_arm_freq_400M
                0x0000000000000000       0x2c arch/arm/cpu/armv7/built-in.o
 .text.enable_enet_pll
                0x0000000000000000       0x68 arch/arm/cpu/armv7/built-in.o
 .text.enable_enet_clk
                0x0000000000000000       0x24 arch/arm/cpu/armv7/built-in.o
 .text.enable_uart_clk
                0x0000000000000000       0x24 arch/arm/cpu/armv7/built-in.o
 .text.enable_usdhc_clk
                0x0000000000000000       0x4c arch/arm/cpu/armv7/built-in.o
 .text.enable_spi_clk
                0x0000000000000000       0x44 arch/arm/cpu/armv7/built-in.o
 .text.enable_fec_anatop_clock
                0x0000000000000000       0x98 arch/arm/cpu/armv7/built-in.o
 .text.enable_sata_clock
                0x0000000000000000       0x1c arch/arm/cpu/armv7/built-in.o
 .text.disable_sata_clock
                0x0000000000000000       0x18 arch/arm/cpu/armv7/built-in.o
 .text.enable_pcie_clock
                0x0000000000000000       0x70 arch/arm/cpu/armv7/built-in.o
 .data          0x0000000000000000        0x0 arch/arm/cpu/armv7/built-in.o
 .bss           0x0000000000000000        0x0 arch/arm/cpu/armv7/built-in.o
 .text          0x0000000000000000        0x0 arch/arm/imx-common/built-in.o
 .text.get_imx_reset_cause
                0x0000000000000000       0x10 arch/arm/imx-common/built-in.o
 .text.set_chipselect_size
                0x0000000000000000       0x84 arch/arm/imx-common/built-in.o
 .text.mxs_wait_mask_set
                0x0000000000000000       0x40 arch/arm/imx-common/built-in.o
 .text.mxs_wait_mask_clr
                0x0000000000000000       0x3c arch/arm/imx-common/built-in.o
 .text.mxs_reset_block
                0x0000000000000000       0x90 arch/arm/imx-common/built-in.o
 .text.detect_hdmi
                0x0000000000000000       0x18 arch/arm/imx-common/built-in.o
 .text.usec2ticks
                0x0000000000000000       0x68 arch/arm/imx-common/built-in.o
 .data          0x0000000000000000        0x0 arch/arm/imx-common/built-in.o
 .bss           0x0000000000000000        0x0 arch/arm/imx-common/built-in.o
 .text.flush_cache
                0x0000000000000000        0x4 arch/arm/lib/built-in.o
 .text.flush_dcache_all
                0x0000000000000000        0xc arch/arm/lib/built-in.o
 .text.enable_caches
                0x0000000000000000        0xc arch/arm/lib/built-in.o
 .text.arm_init_before_mmu
                0x0000000000000000        0x4 arch/arm/lib/built-in.o
 .text.mmu_page_table_flush
                0x0000000000000000        0x4 arch/arm/lib/built-in.o
 .rodata.pl310  0x0000000000000000        0x4 arch/arm/lib/built-in.o
 .data          0x0000000000000000        0x0 arch/arm/lib/built-in.o
 .__secure_start
[...]
Memory Configuration

Name             Origin             Length             Attributes
*default*        0x0000000000000000 0xffffffffffffffff

Linker script and memory map

Address of section .text set to 0x17800000
                0x0000000000000000                . = 0x0
                0x0000000000000000                . = ALIGN (0x4)

.text           0x0000000017800000    0x3baf4
 *(.__image_copy_start)
 .__image_copy_start
                0x0000000017800000        0x0 arch/arm/lib/built-in.o
                0x0000000017800000                __image_copy_start
 *(.vectors)
 .vectors       0x0000000017800000      0x300 arch/arm/lib/built-in.o
                0x0000000017800000                _start
                0x0000000017800020                _undefined_instruction
                0x0000000017800024                _software_interrupt
                0x0000000017800028                _prefetch_abort
                0x000000001780002c                _data_abort
                0x0000000017800030                _not_used
                0x0000000017800034                _irq
                0x0000000017800038                _fiq
                0x0000000017800040                IRQ_STACK_START_IN
 arch/arm/cpu/armv7/start.o(.text*)
 .text          0x0000000017800300       0xec arch/arm/cpu/armv7/start.o
                0x0000000017800300                reset
                0x0000000017800304                save_boot_params_ret
                0x0000000017800340                c_runtime_cpu_setup
                0x0000000017800350                save_boot_params
                0x0000000017800354                cpu_init_cp15
                0x00000000178003e4                cpu_init_crit
 *(.text*)
 .text          0x00000000178003ec       0x1c arch/arm/cpu/armv7/built-in.o
                0x00000000178003ec                lowlevel_init
 .text.v7_maint_dcache_all
                0x0000000017800408       0xd0 arch/arm/cpu/armv7/built-in.o
 .text.invalidate_icache_all
                0x00000000178004d8       0x18 arch/arm/cpu/armv7/built-in.o
                0x00000000178004d8                invalidate_icache_all
 .text.v7_outer_cache_enable
                0x00000000178004f0       0x6c arch/arm/cpu/armv7/built-in.o
                0x00000000178004f4                v7_outer_cache_enable
 .text.v7_outer_cache_disable
                0x000000001780055c       0x1c arch/arm/cpu/armv7/built-in.o
                0x0000000017800560                v7_outer_cache_disable
 .text.flush_dcache_all
                0x0000000017800578       0x14 arch/arm/cpu/armv7/built-in.o
                0x0000000017800578                flush_dcache_all
 .text.invalidate_dcache_all
                0x000000001780058c       0x14 arch/arm/cpu/armv7/built-in.o
                0x000000001780058c                invalidate_dcache_all
 .text.arm_init_before_mmu
                0x00000000178005a0       0x28 arch/arm/cpu/armv7/built-in.o
                0x00000000178005a0                arm_init_before_mmu
 .text.flush_dcache_range
                0x00000000178005c8       0x3c arch/arm/cpu/armv7/built-in.o
                0x00000000178005c8                flush_dcache_range
 .text.mmu_page_table_flush
                0x0000000017800604       0x24 arch/arm/cpu/armv7/built-in.o
                0x0000000017800604                mmu_page_table_flush
 .text.flush_cache
                0x0000000017800628        0x8 arch/arm/cpu/armv7/built-in.o
                0x0000000017800628                flush_cache
 .text.invalidate_dcache_range
                0x0000000017800630       0xac arch/arm/cpu/armv7/built-in.o
                0x0000000017800630                invalidate_dcache_range
 .text.cpu_cache_initialization
                0x00000000178006dc        0x4 arch/arm/cpu/armv7/built-in.o
                0x00000000178006dc                cpu_cache_initialization
 .text.cleanup_before_linux
                0x00000000178006e0       0x28 arch/arm/cpu/armv7/built-in.o
                0x00000000178006e0                cleanup_before_linux
 .text.get_nr_cpus
                0x0000000017800708       0x10 arch/arm/cpu/armv7/built-in.o
                0x0000000017800708                get_nr_cpus
 .text.get_cpu_rev
                0x0000000017800718       0x68 arch/arm/cpu/armv7/built-in.o
                0x0000000017800718                get_cpu_rev
 .text.get_board_rev
                0x0000000017800780       0x30 arch/arm/cpu/armv7/built-in.o
                0x0000000017800780                get_board_rev
 .text.init_aips
                0x00000000178007b0       0x58 arch/arm/cpu/armv7/built-in.o
                0x00000000178007b0                init_aips
 .text.arch_cpu_init
                0x0000000017800808      0x1a4 arch/arm/cpu/armv7/built-in.o
                0x0000000017800808                arch_cpu_init
 .text.board_postclk_init
                0x00000000178009ac       0x50 arch/arm/cpu/armv7/built-in.o
                0x00000000178009ac                board_postclk_init
 .text.enable_caches
                0x00000000178009fc       0x34 arch/arm/cpu/armv7/built-in.o
                0x00000000178009fc                enable_caches
 .text.imx_get_mac_from_fuse
                0x0000000017800a30       0x3c arch/arm/cpu/armv7/built-in.o
                0x0000000017800a30                imx_get_mac_from_fuse
 .text.boot_mode_apply
                0x0000000017800a6c       0x24 arch/arm/cpu/armv7/built-in.o
                0x0000000017800a6c                boot_mode_apply
 .text.s_init   0x0000000017800a90       0x88 arch/arm/cpu/armv7/built-in.o
                0x0000000017800a90                s_init
 .text.set_wdog_reset
                0x0000000017800b18       0x18 arch/arm/cpu/armv7/built-in.o
                0x0000000017800b18                set_wdog_reset
 .text.check_ldo_bypass
                0x0000000017800b30       0x78 arch/arm/cpu/armv7/built-in.o
                0x0000000017800b30                check_ldo_bypass
 .text.check_1_2G
                0x0000000017800ba8       0x5c arch/arm/cpu/armv7/built-in.o
                0x0000000017800ba8                check_1_2G
 .text.prep_anatop_bypass
                0x0000000017800c04       0x6c arch/arm/cpu/armv7/built-in.o
                0x0000000017800c04                prep_anatop_bypass
 .text.set_anatop_bypass
                0x0000000017800c70       0x50 arch/arm/cpu/armv7/built-in.o
                0x0000000017800c70                set_anatop_bypass
 .text.finish_anatop_bypass
                0x0000000017800cc0       0x24 arch/arm/cpu/armv7/built-in.o
                0x0000000017800cc0                finish_anatop_bypass
 .text.imx_enable_hdmi_phy
                0x0000000017800ce4       0x4c arch/arm/cpu/armv7/built-in.o
                0x0000000017800ce4                imx_enable_hdmi_phy
 .text.imx_setup_hdmi
                0x0000000017800d30       0x78 arch/arm/cpu/armv7/built-in.o
                0x0000000017800d30                imx_setup_hdmi
 .text.get_ipg_clk
                0x0000000017800da8       0x28 arch/arm/cpu/armv7/built-in.o
 .text.get_uart_clk
                0x0000000017800dd0       0x54 arch/arm/cpu/armv7/built-in.o
 .text.mxc_get_pll_pfd
                0x0000000017800e24       0xa0 arch/arm/cpu/armv7/built-in.o
 .text.get_usdhc_clk
                0x0000000017800ec4       0x90 arch/arm/cpu/armv7/built-in.o
 .text.enable_ocotp_clk
                0x0000000017800f54       0x24 arch/arm/cpu/armv7/built-in.o
                0x0000000017800f54                enable_ocotp_clk
 .text.enable_usboh3_clk
                0x0000000017800f78       0x24 arch/arm/cpu/armv7/built-in.o
                0x0000000017800f78                enable_usboh3_clk
 .text.enable_i2c_clk
                0x0000000017800f9c       0x48 arch/arm/cpu/armv7/built-in.o
                0x0000000017800f9c                enable_i2c_clk
 .text.get_periph_clk
                0x0000000017800fe4       0xdc arch/arm/cpu/armv7/built-in.o
                0x0000000017800fe4                get_periph_clk
 .text.get_axi_clk
                0x00000000178010c0       0x4c arch/arm/cpu/armv7/built-in.o
 .text.imx_get_uartclk
                0x000000001780110c        0x4 arch/arm/cpu/armv7/built-in.o
                0x000000001780110c                imx_get_uartclk
 .text.enable_thermal_clk
                0x0000000017801110       0x48 arch/arm/cpu/armv7/built-in.o
                0x0000000017801110                enable_thermal_clk
 .text.mxc_get_clock
                0x0000000017801158      0x1cc arch/arm/cpu/armv7/built-in.o
                0x0000000017801158                mxc_get_clock
 .text.imx_get_fecclk
                0x0000000017801324        0x8 arch/arm/cpu/armv7/built-in.o
                0x0000000017801324                imx_get_fecclk
 .text.do_mx6_showclocks
                0x000000001780132c      0x230 arch/arm/cpu/armv7/built-in.o
                0x000000001780132c                do_mx6_showclocks
 .text.enable_ipu_clock
                0x000000001780155c       0x18 arch/arm/cpu/armv7/built-in.o
                0x000000001780155c                enable_ipu_clock
 .text.cpu_reset
                0x0000000017801574       0x28 arch/arm/cpu/armv7/built-in.o
                0x0000000017801574                cpu_reset
 .text.cpu_status
                0x000000001780159c       0x40 arch/arm/cpu/armv7/built-in.o
                0x000000001780159c                cpu_status
 .text.cpu_release
                0x00000000178015dc       0x80 arch/arm/cpu/armv7/built-in.o
                0x00000000178015dc                cpu_release
 .text.is_core_valid
                0x000000001780165c       0x1c arch/arm/cpu/armv7/built-in.o
                0x000000001780165c                is_core_valid
 .text.cpu_disable
                0x0000000017801678       0x28 arch/arm/cpu/armv7/built-in.o
                0x0000000017801678                cpu_disable
 .text.imx_iomux_v3_setup_pad
                0x00000000178016a0       0xb0 arch/arm/imx-common/built-in.o
                0x00000000178016a0                imx_iomux_v3_setup_pad
 .text.imx_iomux_v3_setup_multiple_pads
                0x0000000017801750       0x2c arch/arm/imx-common/built-in.o
                0x0000000017801750                imx_iomux_v3_setup_multiple_pads
 .text.imx_iomux_set_gpr_register
                0x000000001780177c       0x3c arch/arm/imx-common/built-in.o
                0x000000001780177c                imx_iomux_set_gpr_register
 .text.imx_ddr_size
                0x00000000178017b8       0x64 arch/arm/imx-common/built-in.o
                0x00000000178017b8                imx_ddr_size
 .text.get_imx_type
                0x000000001780181c       0x20 arch/arm/imx-common/built-in.o
                0x000000001780181c                get_imx_type
 .text.print_cpuinfo
                0x000000001780183c      0x1d8 arch/arm/imx-common/built-in.o
                0x000000001780183c                print_cpuinfo
 .text.cpu_eth_init
                0x0000000017801a14        0x4 arch/arm/imx-common/built-in.o
                0x0000000017801a14                cpu_eth_init
 .text.cpu_mmc_init
                0x0000000017801a18        0x4 arch/arm/imx-common/built-in.o
                0x0000000017801a18                cpu_mmc_init
 .text.get_ahb_clk
                0x0000000017801a1c       0x24 arch/arm/imx-common/built-in.o
                0x0000000017801a1c                get_ahb_clk
 .text.arch_preboot_os
                0x0000000017801a40       0x14 arch/arm/imx-common/built-in.o
                0x0000000017801a40                arch_preboot_os
 .text.get_clocks
                0x0000000017801a54       0x1c arch/arm/imx-common/built-in.o
                0x0000000017801a54                get_clocks
 .text.force_idle_bus
                0x0000000017801a70      0x1c4 arch/arm/imx-common/built-in.o
 .text.setup_i2c
                0x0000000017801c34       0xe4 arch/arm/imx-common/built-in.o
                0x0000000017801c34                setup_i2c
 .text.board_video_skip
                0x0000000017801d18      0x170 arch/arm/imx-common/built-in.o
                0x0000000017801d18                board_video_skip
 .text.timer_init
                0x0000000017801e88      0x13c arch/arm/imx-common/built-in.o
                0x0000000017801e88                timer_init
 .text.get_ticks
                0x0000000017801fc4       0x44 arch/arm/imx-common/built-in.o
                0x0000000017801fc4                get_ticks
 .text.get_timer_masked
                0x0000000017802008       0xf0 arch/arm/imx-common/built-in.o
                0x0000000017802008                get_timer_masked
 .text.get_timer
                0x00000000178020f8       0x14 arch/arm/imx-common/built-in.o
                0x00000000178020f8                get_timer
 .text.__udelay
                0x000000001780210c      0x128 arch/arm/imx-common/built-in.o
                0x000000001780210c                __udelay
 .text.get_tbclk
                0x0000000017802234       0x94 arch/arm/imx-common/built-in.o
                0x0000000017802234                get_tbclk
 .text.create_usage
                0x00000000178022c8       0xa0 arch/arm/imx-common/built-in.o
 .text.do_boot_mode
                0x0000000017802368       0xcc arch/arm/imx-common/built-in.o
 .text.add_board_boot_modes
                0x0000000017802434       0x60 arch/arm/imx-common/built-in.o
                0x0000000017802434                add_board_boot_modes
 .text          0x0000000017802494       0xa8 arch/arm/lib/built-in.o
                0x0000000017802494                _main
 .text.relocate_vectors
                0x000000001780253c       0x70 arch/arm/lib/built-in.o
                0x000000001780253c                relocate_vectors
                0x0000000017802548                relocate_code
 .text.arch_fixup_fdt
                0x00000000178025ac       0x38 arch/arm/lib/built-in.o
                0x00000000178025ac                arch_fixup_fdt
 .text.boot_jump_linux
                0x00000000178025e4       0xb8 arch/arm/lib/built-in.o
 .text.arch_lmb_reserve
                0x000000001780269c       0x24 arch/arm/lib/built-in.o
                0x000000001780269c                arch_lmb_reserve
 .text.setup_board_tags
                0x00000000178026c0        0x4 arch/arm/lib/built-in.o
                0x00000000178026c0                setup_board_tags
 .text.boot_prep_linux
                0x00000000178026c4      0x194 arch/arm/lib/built-in.o
 .text.do_bootm_linux
                0x0000000017802858       0x5c arch/arm/lib/built-in.o
                0x0000000017802858                do_bootm_linux
 .text.bootz_setup
                0x00000000178028b4       0x60 arch/arm/lib/built-in.o
                0x00000000178028b4                bootz_setup
 .text.boot_prep_vxworks
                0x0000000017802914       0x50 arch/arm/lib/built-in.o
                0x0000000017802914                boot_prep_vxworks
 .text.boot_jump_vxworks
                0x0000000017802964        0xc arch/arm/lib/built-in.o
                0x0000000017802964                boot_jump_vxworks
 .text.pl310_background_op_all_ways
                0x0000000017802970       0x38 arch/arm/lib/built-in.o
 .text.v7_outer_cache_inval_all
                0x00000000178029a8        0xc arch/arm/lib/built-in.o
                0x00000000178029a8                v7_outer_cache_inval_all
 .text.v7_outer_cache_flush_all
                0x00000000178029b4        0xc arch/arm/lib/built-in.o
                0x00000000178029b4                v7_outer_cache_flush_all
 .text.v7_outer_cache_flush_range
                0x00000000178029c0       0x30 arch/arm/lib/built-in.o
                0x00000000178029c0                v7_outer_cache_flush_range
 .text.v7_outer_cache_inval_range
                0x00000000178029f0       0x80 arch/arm/lib/built-in.o
                0x00000000178029f0                v7_outer_cache_inval_range
 .text.arch_reserve_stacks
                0x0000000017802a70       0x1c arch/arm/lib/built-in.o
                0x0000000017802a70                arch_reserve_stacks
 .text.interrupt_init
                0x0000000017802a8c       0x1c arch/arm/lib/built-in.o
                0x0000000017802a8c                interrupt_init
 .text.enable_interrupts
                0x0000000017802aa8        0x4 arch/arm/lib/built-in.o
                0x0000000017802aa8                enable_interrupts
 .text.disable_interrupts
                0x0000000017802aac        0x8 arch/arm/lib/built-in.o
                0x0000000017802aac                disable_interrupts
 .text.bad_mode
                0x0000000017802ab4       0x10 arch/arm/lib/built-in.o
                0x0000000017802ab4                bad_mode
 .text.show_regs
                0x0000000017802ac4      0x174 arch/arm/lib/built-in.o
                0x0000000017802ac4                show_regs
 .text.do_undefined_instruction
                0x0000000017802c38       0x20 arch/arm/lib/built-in.o
                0x0000000017802c38                do_undefined_instruction
 .text.do_software_interrupt
                0x0000000017802c58       0x20 arch/arm/lib/built-in.o
                0x0000000017802c58                do_software_interrupt
 .text.do_prefetch_abort
                0x0000000017802c78       0x20 arch/arm/lib/built-in.o
                0x0000000017802c78                do_prefetch_abort
 .text.do_data_abort
                0x0000000017802c98       0x20 arch/arm/lib/built-in.o
                0x0000000017802c98                do_data_abort
 .text.do_not_used
                0x0000000017802cb8       0x20 arch/arm/lib/built-in.o
                0x0000000017802cb8                do_not_used
 .text.do_fiq   0x0000000017802cd8       0x20 arch/arm/lib/built-in.o
                0x0000000017802cd8                do_fiq
 .text.do_irq   0x0000000017802cf8       0x20 arch/arm/lib/built-in.o
                0x0000000017802cf8                do_irq
 .text.reset_misc
                0x0000000017802d18        0x4 arch/arm/lib/built-in.o
                0x0000000017802d18                reset_misc
 .text.do_reset
                0x0000000017802d1c       0x30 arch/arm/lib/built-in.o
                0x0000000017802d1c                do_reset
 .text.cp_delay
                0x0000000017802d4c       0x30 arch/arm/lib/built-in.o
 .text.cache_disable
                0x0000000017802d7c       0x50 arch/arm/lib/built-in.o
 .text.arm_init_domains
                0x0000000017802dcc        0x4 arch/arm/lib/built-in.o
                0x0000000017802dcc                arm_init_domains
 .text.set_section_dcache
                0x0000000017802dd0       0x14 arch/arm/lib/built-in.o
                0x0000000017802dd0                set_section_dcache
 .text.mmu_set_region_dcache_behaviour
                0x0000000017802de4       0x50 arch/arm/lib/built-in.o
                0x0000000017802de4                mmu_set_region_dcache_behaviour
 .text.dram_bank_mmu_setup
                0x0000000017802e34       0x44 arch/arm/lib/built-in.o
                0x0000000017802e34                dram_bank_mmu_setup
 .text.icache_enable
                0x0000000017802e78       0x18 arch/arm/lib/built-in.o
                0x0000000017802e78                icache_enable
 .text.icache_disable
                0x0000000017802e90        0x8 arch/arm/lib/built-in.o
                0x0000000017802e90                icache_disable
 .text.icache_status
                0x0000000017802e98        0xc arch/arm/lib/built-in.o
                0x0000000017802e98                icache_status
 .text.dcache_enable
                0x0000000017802ea4       0x6c arch/arm/lib/built-in.o
                0x0000000017802ea4                dcache_enable
 .text.dcache_disable
                0x0000000017802f10        0x8 arch/arm/lib/built-in.o
                0x0000000017802f10                dcache_disable
 .text.dcache_status
                0x0000000017802f18        0xc arch/arm/lib/built-in.o
                0x0000000017802f18                dcache_status
 .text.pfuze_mode_init
                0x0000000017802f24       0xa0 board/freescale/common/built-in.o
                0x0000000017802f24                pfuze_mode_init
 .text.pfuze_common_init
                0x0000000017802fc4      0x10c board/freescale/common/built-in.o
                0x0000000017802fc4                pfuze_common_init
 .text.enable_lvds
                0x00000000178030d0       0x14 board/freescale/mx6sabresd/built-in.o
 .text.enable_rgb
                0x00000000178030e4       0x24 board/freescale/mx6sabresd/built-in.o
 .text.do_enable_hdmi
                0x0000000017803108       0x18 board/freescale/mx6sabresd/built-in.o
 .text.dram_init
                0x0000000017803120       0x18 board/freescale/mx6sabresd/built-in.o
                0x0000000017803120                dram_init
 .text.mmc_get_env_devno
                0x0000000017803138       0x24 board/freescale/mx6sabresd/built-in.o
                0x0000000017803138                mmc_get_env_devno
 .text.board_mmc_getcd
                0x000000001780315c       0x60 board/freescale/mx6sabresd/built-in.o
                0x000000001780315c                board_mmc_getcd
 .text.board_mmc_init
                0x00000000178031bc       0xb8 board/freescale/mx6sabresd/built-in.o
                0x00000000178031bc                board_mmc_init
 .text.check_mmc_autodetect
                0x0000000017803274       0x38 board/freescale/mx6sabresd/built-in.o
                0x0000000017803274                check_mmc_autodetect
 .text.board_late_mmc_env_init
                0x00000000178032ac       0x78 board/freescale/mx6sabresd/built-in.o
                0x00000000178032ac                board_late_mmc_env_init
 .text.mx6_rgmii_rework
                0x0000000017803324      0x110 board/freescale/mx6sabresd/built-in.o
                0x0000000017803324                mx6_rgmii_rework
 .text.board_phy_config
                0x0000000017803434       0x2c board/freescale/mx6sabresd/built-in.o
                0x0000000017803434                board_phy_config
 .text.overwrite_console
                0x0000000017803460        0x8 board/freescale/mx6sabresd/built-in.o
                0x0000000017803460                overwrite_console
 .text.board_eth_init
                0x0000000017803468       0x54 board/freescale/mx6sabresd/built-in.o
                0x0000000017803468                board_eth_init
 .text.board_ehci_hcd_init
                0x00000000178034bc       0x28 board/freescale/mx6sabresd/built-in.o
                0x00000000178034bc                board_ehci_hcd_init
 .text.board_ehci_power
                0x00000000178034e4       0x4c board/freescale/mx6sabresd/built-in.o
                0x00000000178034e4                board_ehci_power
 .text.board_early_init_f
                0x0000000017803530       0x8c board/freescale/mx6sabresd/built-in.o
                0x0000000017803530                board_early_init_f
 .text.board_init
                0x00000000178035bc       0x6c board/freescale/mx6sabresd/built-in.o
                0x00000000178035bc                board_init
 .text.power_init_board
                0x0000000017803628      0x140 board/freescale/mx6sabresd/built-in.o
                0x0000000017803628                power_init_board
 .text.ldo_mode_set
                0x0000000017803768      0x180 board/freescale/mx6sabresd/built-in.o
                0x0000000017803768                ldo_mode_set
 .text.board_late_init
                0x00000000178038e8       0x1c board/freescale/mx6sabresd/built-in.o
                0x00000000178038e8                board_late_init
 .text.checkboard
                0x0000000017803904       0x18 board/freescale/mx6sabresd/built-in.o
                0x0000000017803904                checkboard
 .text.show_boot_progress
                0x000000001780391c        0x4 common/built-in.o
                0x000000001780391c                show_boot_progress
 .text.main_loop
                0x0000000017803920       0x20 common/built-in.o
                0x0000000017803920                main_loop
 .text.dummy    0x0000000017803940        0x4 common/built-in.o
 .text.get_version
                0x0000000017803944        0x8 common/built-in.o
                0x0000000017803944                get_version
 .text.jumptable_init
                0x000000001780394c      0x1c0 common/built-in.o
                0x000000001780394c                jumptable_init
 .text.hash_command
                0x0000000017803b0c       0xb4 common/built-in.o
                0x0000000017803b0c                hash_command
 .text.b_reset  0x0000000017803bc0       0x1c common/built-in.o
 .text.static_get
                0x0000000017803bdc       0x1c common/built-in.o
 .text.static_peek
                0x0000000017803bf8        0xc common/built-in.o
 .text.file_peek
                0x0000000017803c04        0xc common/built-in.o
 .text.mapset   0x0000000017803c10       0x20 common/built-in.o
 .text.syntax_err
                0x0000000017803c30        0xc common/built-in.o
 .text.free_pipe_list
                0x0000000017803c3c       0xf0 common/built-in.o
 .text.xmalloc  0x0000000017803d2c       0x20 common/built-in.o
 .text.new_pipe
                0x0000000017803d4c       0x28 common/built-in.o
 .text.xrealloc
                0x0000000017803d74       0x20 common/built-in.o
 .text.done_command
                0x0000000017803d94       0x88 common/built-in.o
 .text.done_pipe
                0x0000000017803e1c       0x48 common/built-in.o
 .text.done_word
                0x0000000017803e64      0x2d8 common/built-in.o
 .text.do_showvar
                0x000000001780413c       0xfc common/built-in.o
 .text.is_assignment
                0x0000000017804238       0x5c common/built-in.o
 .text.file_get
                0x0000000017804294      0x1ec common/built-in.o
 .text.b_addchr
                0x0000000017804480       0x78 common/built-in.o
 .text.b_addqchr
                0x00000000178044f8       0x50 common/built-in.o
 .text.get_local_var
                0x0000000017804548       0xa0 common/built-in.o
                0x0000000017804548                get_local_var
 .text.set_local_var
                0x00000000178045e8      0x1ac common/built-in.o
                0x00000000178045e8                set_local_var
 .text.insert_var_value_sub
                0x0000000017804794      0x2c0 common/built-in.o
 .text.parse_string_outer
                0x0000000017804a54       0xe4 common/built-in.o
                0x0000000017804a54                parse_string_outer
 .text.run_list_real
                0x0000000017804b38      0x7e4 common/built-in.o
 .text.parse_stream_outer
                0x000000001780531c      0x6d4 common/built-in.o
 .text.parse_file_outer
                0x00000000178059f0       0x44 common/built-in.o
                0x00000000178059f0                parse_file_outer
 .text.u_boot_hush_start
                0x0000000017805a34       0x54 common/built-in.o
                0x0000000017805a34                u_boot_hush_start
 .text.bootdelay_process
                0x0000000017805a88       0xd0 common/built-in.o
                0x0000000017805a88                bootdelay_process
 .text.autoboot_command
                0x0000000017805b58       0xd0 common/built-in.o
                0x0000000017805b58                autoboot_command
 .text.display_text_info
                0x0000000017805c28        0x8 common/built-in.o
 .text.setup_mon_len
                0x0000000017805c30       0x20 common/built-in.o
 .text.setup_fdt
                0x0000000017805c50        0x8 common/built-in.o
 .text.reserve_round_4k
                0x0000000017805c58       0x18 common/built-in.o
 .text.reserve_mmu
                0x0000000017805c70       0x38 common/built-in.o
 .text.reserve_trace
                0x0000000017805ca8        0x8 common/built-in.o
 .text.reserve_uboot
                0x0000000017805cb0       0x30 common/built-in.o
 .text.reserve_malloc
                0x0000000017805ce0       0x18 common/built-in.o
 .text.setup_machine
                0x0000000017805cf8       0x14 common/built-in.o
 .text.reserve_global_data
                0x0000000017805d0c       0x1c common/built-in.o
 .text.reserve_fdt
                0x0000000017805d28       0x4c common/built-in.o
 .text.display_new_sp
                0x0000000017805d74        0x8 common/built-in.o
 .text.initf_malloc
                0x0000000017805d7c       0x1c common/built-in.o
 .text.reserve_arch
                0x0000000017805d98        0x8 common/built-in.o
                0x0000000017805d98                reserve_arch
 .text.setup_reloc
                0x0000000017805da0       0x28 common/built-in.o
 .text.reloc_fdt
                0x0000000017805dc8       0x30 common/built-in.o
 .text.announce_dram_init
                0x0000000017805df8       0x18 common/built-in.o
 .text.init_func_i2c
                0x0000000017805e10       0x28 common/built-in.o
 .text.init_baud_rate
                0x0000000017805e38       0x2c common/built-in.o
 .text.initf_dm
                0x0000000017805e64        0x8 common/built-in.o
 .text.mark_bootstage
                0x0000000017805e6c       0x14 common/built-in.o
 .text.reserve_board
                0x0000000017805e80       0x38 common/built-in.o
 .text.coloured_LED_init
                0x0000000017805eb8        0x4 common/built-in.o
                0x0000000017805eb8                coloured_LED_init
 .text.red_led_on
                0x0000000017805ebc        0x4 common/built-in.o
                0x0000000017805ebc                red_led_on
 .text.board_add_ram_info
                0x0000000017805ec0        0x4 common/built-in.o
                0x0000000017805ec0                board_add_ram_info
 .text.show_dram_config
                0x0000000017805ec4       0x38 common/built-in.o
 .text.dram_init_banksize
                0x0000000017805efc       0x20 common/built-in.o
                0x0000000017805efc                dram_init_banksize
 .text.setup_dram_config
                0x0000000017805f1c       0x10 common/built-in.o
 .text.board_get_usable_ram_top
                0x0000000017805f2c       0x14 common/built-in.o
                0x0000000017805f2c                board_get_usable_ram_top
 .text.setup_dest_addr
                0x0000000017805f40       0x3c common/built-in.o
 .text.reserve_stacks
                0x0000000017805f7c       0x1c common/built-in.o
 .text.board_init_f
                0x0000000017805f98       0x28 common/built-in.o
                0x0000000017805f98                board_init_f
 .text.bootstage_relocate
                0x0000000017805fc0        0x8 common/built-in.o
 .text.initr_trace
                0x0000000017805fc8        0x8 common/built-in.o
 .text.initr_reloc_global_data
                0x0000000017805fd0       0x28 common/built-in.o
 .text.initr_barrier
                0x0000000017805ff8        0x8 common/built-in.o
 .text.initr_announce
                0x0000000017806000        0x8 common/built-in.o
 .text.run_main_loop
                0x0000000017806008        0xc common/built-in.o
 .text.initr_net
                0x0000000017806014       0x20 common/built-in.o
 .text.initr_ethaddr
                0x0000000017806034       0x20 common/built-in.o
 .text.initr_enable_interrupts
                0x0000000017806054       0x10 common/built-in.o
 .text.initr_jumptable
                0x0000000017806064       0x10 common/built-in.o
 .text.initr_env
                0x0000000017806074       0x30 common/built-in.o
 .text.initr_mmc
                0x00000000178060a4       0x20 common/built-in.o
 .text.initr_serial
                0x00000000178060c4       0x10 common/built-in.o
 .text.initr_dm
                0x00000000178060d4       0x14 common/built-in.o
 .text.initr_malloc
                0x00000000178060e8       0x24 common/built-in.o
 .text.initr_caches
                0x000000001780610c       0x10 common/built-in.o
 .text.initr_reloc
                0x000000001780611c       0x24 common/built-in.o
 .text.cpu_secondary_init_r
                0x0000000017806140        0x4 common/built-in.o
                0x0000000017806140                cpu_secondary_init_r
 .text.initr_secondary_cpu
                0x0000000017806144       0x10 common/built-in.o
 .text.board_init_r
                0x0000000017806154       0x14 common/built-in.o
                0x0000000017806154                board_init_r
 .text.show_board_info
                0x0000000017806168        0x4 common/built-in.o
                0x0000000017806168                show_board_info
 .text.do_go_exec
                0x000000001780616c       0x10 common/built-in.o
                0x000000001780616c                do_go_exec
 .text.do_go    0x000000001780617c       0x6c common/built-in.o
 .text.do_bootm
                0x00000000178061e8      0x118 common/built-in.o
                0x00000000178061e8                do_bootm
 .text.do_bootd
                0x0000000017806300       0x20 common/built-in.o
                0x0000000017806300                do_bootd
 .text.image_info
                0x0000000017806320       0xcc common/built-in.o
 .text.do_iminfo
                0x00000000178063ec       0x60 common/built-in.o
 .text.bootm_maybe_autostart
                0x000000001780644c       0x78 common/built-in.o
                0x000000001780644c                bootm_maybe_autostart
 .text.do_bootz
                0x00000000178064c4       0xf8 common/built-in.o
                0x00000000178064c4                do_bootz
 .text.bootm_find_ramdisk_fdt
                0x00000000178065bc       0xa8 common/built-in.o
                0x00000000178065bc                bootm_find_ramdisk_fdt
 .text.bootm_decomp_image
                0x0000000017806664      0x150 common/built-in.o
                0x0000000017806664                bootm_decomp_image
 .text.bootm_disable_interrupts
                0x00000000178067b4       0x18 common/built-in.o
                0x00000000178067b4                bootm_disable_interrupts
 .text.do_bootm_states
                0x00000000178067cc      0x74c common/built-in.o
                0x00000000178067cc                do_bootm_states
 .text.copy_args
                0x0000000017806f18       0x50 common/built-in.o
 .text.do_bootm_rtems
                0x0000000017806f68       0x40 common/built-in.o
 .text.do_bootm_plan9
                0x0000000017806fa8       0xa4 common/built-in.o
 .text.do_bootm_standalone
                0x000000001780704c       0x64 common/built-in.o
 .text.do_bootm_netbsd
                0x00000000178070b0       0xf8 common/built-in.o
 .text.do_bootvx_fdt
                0x00000000178071a8      0x10c common/built-in.o
                0x00000000178071a8                do_bootvx_fdt
 .text.do_bootm_vxworks
                0x00000000178072b4       0x24 common/built-in.o
 .text.boot_selected_os
                0x00000000178072d8       0x58 common/built-in.o
                0x00000000178072d8                boot_selected_os
 .text.bootm_os_get_boot_func
                0x0000000017807330       0x10 common/built-in.o
                0x0000000017807330                bootm_os_get_boot_func
 .text.do_help  0x0000000017807340       0x48 common/built-in.o
 .text.do_version
                0x0000000017807388       0x38 common/built-in.o
 .text.env_attr_walk
                0x00000000178073c0      0x114 common/built-in.o
                0x00000000178073c0                env_attr_walk
 .text.env_attr_lookup
                0x00000000178074d4      0x18c common/built-in.o
                0x00000000178074d4                env_attr_lookup
 .text.clear_callback
                0x0000000017807660       0x10 common/built-in.o
 .text.find_env_callback
                0x0000000017807670       0x68 common/built-in.o
 .text.on_callbacks
                0x00000000178076d8       0x48 common/built-in.o
 .text.set_callback
                0x0000000017807720       0x94 common/built-in.o
 .text.env_callback_init
                0x00000000178077b4       0xc4 common/built-in.o
                0x00000000178077b4                env_callback_init
 .text.skip_num
                0x0000000017807878       0x70 common/built-in.o
 .text.clear_flags
                0x00000000178078e8       0x10 common/built-in.o
 .text.on_flags
                0x00000000178078f8       0x48 common/built-in.o
 .text.env_flags_parse_vartype
                0x0000000017807940       0x50 common/built-in.o
                0x0000000017807940                env_flags_parse_vartype
 .text.env_flags_parse_varaccess
                0x0000000017807990       0x58 common/built-in.o
                0x0000000017807990                env_flags_parse_varaccess
 .text.set_flags
                0x00000000178079e8       0xac common/built-in.o
 .text.env_flags_init
                0x0000000017807a94       0xd8 common/built-in.o
                0x0000000017807a94                env_flags_init
 .text.env_flags_validate
                0x0000000017807b6c      0x324 common/built-in.o
                0x0000000017807b6c                env_flags_validate
 .text.mmc_get_env_addr
                0x0000000017807e90       0x10 common/built-in.o
                0x0000000017807e90                mmc_get_env_addr
 .text.env_init
                0x0000000017807ea0       0x1c common/built-in.o
                0x0000000017807ea0                env_init
 .text.mmc_get_env_part
                0x0000000017807ebc        0x8 common/built-in.o
                0x0000000017807ebc                mmc_get_env_part
 .text.init_mmc_for_env
                0x0000000017807ec4       0x78 common/built-in.o
 .text.fini_mmc_for_env
                0x0000000017807f3c       0x30 common/built-in.o
 .text.saveenv  0x0000000017807f6c      0x10c common/built-in.o
                0x0000000017807f6c                saveenv
 .text.env_relocate_spec
                0x0000000017808078       0xe0 common/built-in.o
                0x0000000017808078                env_relocate_spec
 .text.source   0x0000000017808158       0xd8 common/built-in.o
                0x0000000017808158                source
 .text.do_source
                0x0000000017808230       0x44 common/built-in.o
 .text.print_num
                0x0000000017808274       0x18 common/built-in.o
 .text.do_bdinfo
                0x000000001780828c      0x18c common/built-in.o
 .text.parse_argv
                0x0000000017808418       0x64 common/built-in.o
 .text.do_icache
                0x000000001780847c       0x88 common/built-in.o
 .text.do_dcache
                0x0000000017808504       0x88 common/built-in.o
 .text.do_coninfo
                0x000000001780858c       0xbc common/built-in.o
 .text.do_echo  0x0000000017808648       0xb0 common/built-in.o
 .text.do_exit  0x00000000178086f8       0x30 common/built-in.o
 .text.do_ext4_size
                0x0000000017808728       0x18 common/built-in.o
                0x0000000017808728                do_ext4_size
 .text.do_ext4_load
                0x0000000017808740       0x18 common/built-in.o
                0x0000000017808740                do_ext4_load
 .text.do_ext4_ls
                0x0000000017808758       0x18 common/built-in.o
                0x0000000017808758                do_ext4_ls
 .text.do_ext4_write
                0x0000000017808770       0x18 common/built-in.o
                0x0000000017808770                do_ext4_write
 .text.do_ext2load
                0x0000000017808788       0x18 common/built-in.o
                0x0000000017808788                do_ext2load
 .text.do_ext2ls
                0x00000000178087a0       0x18 common/built-in.o
 .text.do_fat_size
                0x00000000178087b8       0x18 common/built-in.o
                0x00000000178087b8                do_fat_size
 .text.do_fat_fsload
                0x00000000178087d0       0x18 common/built-in.o
                0x00000000178087d0                do_fat_fsload
 .text.do_fat_ls
                0x00000000178087e8       0x18 common/built-in.o
 .text.do_fat_fsinfo
                0x0000000017808800       0x90 common/built-in.o
 .text.fdt_valid
                0x0000000017808890       0xbc common/built-in.o
 .text.is_printable_string
                0x000000001780894c       0x98 common/built-in.o
 .text.print_data
                0x00000000178089e4      0x174 common/built-in.o
 .text.set_working_fdt_addr
                0x0000000017808b58       0x1c common/built-in.o
                0x0000000017808b58                set_working_fdt_addr
 .text.do_fdt   0x0000000017808b74      0xe90 common/built-in.o
 .text.fdt_find_and_setprop
                0x0000000017809a04       0x70 common/built-in.o
                0x0000000017809a04                fdt_find_and_setprop
 .text.fdt_find_or_add_subnode
                0x0000000017809a74       0x68 common/built-in.o
                0x0000000017809a74                fdt_find_or_add_subnode
 .text.fdt_initrd
                0x0000000017809adc      0x1d0 common/built-in.o
                0x0000000017809adc                fdt_initrd
 .text.fdt_chosen
                0x0000000017809cac       0xa8 common/built-in.o
                0x0000000017809cac                fdt_chosen
 .text.do_fixup_by_path
                0x0000000017809d54       0x54 common/built-in.o
                0x0000000017809d54                do_fixup_by_path
 .text.fdt_fixup_memory_banks
                0x0000000017809da8      0x1a4 common/built-in.o
                0x0000000017809da8                fdt_fixup_memory_banks
 .text.fdt_fixup_memory
                0x0000000017809f4c       0x20 common/built-in.o
                0x0000000017809f4c                fdt_fixup_memory
 .text.fdt_fixup_ethernet
                0x0000000017809f6c      0x158 common/built-in.o
                0x0000000017809f6c                fdt_fixup_ethernet
 .text.fdt_shrink_to_minimum
                0x000000001780a0c4       0xcc common/built-in.o
                0x000000001780a0c4                fdt_shrink_to_minimum
 .text.do_flinfo
                0x000000001780a190        0x8 common/built-in.o
 .text.do_flerase
                0x000000001780a198        0x8 common/built-in.o
 .text.do_protect
                0x000000001780a1a0       0x10 common/built-in.o
 .text.strtou32
                0x000000001780a1b0       0x48 common/built-in.o
 .text.do_fuse  0x000000001780a1f8      0x360 common/built-in.o
 .text.do_i2c   0x000000001780a558       0x64 common/built-in.o
 .text.do_i2c_reset
                0x000000001780a5bc       0x30 common/built-in.o
 .text.do_i2c_probe
                0x000000001780a5ec       0x9c common/built-in.o
 .text.do_i2c_bus_num
                0x000000001780a688       0xb8 common/built-in.o
 .text.do_i2c_bus_speed
                0x000000001780a740       0x74 common/built-in.o
 .text.do_i2c_show_bus
                0x000000001780a7b4       0xd8 common/built-in.o
 .text.get_alen.constprop.5
                0x000000001780a88c       0x3c common/built-in.o
 .text.do_i2c_crc
                0x000000001780a8c8      0x124 common/built-in.o
 .text.do_i2c_read
                0x000000001780a9ec       0xbc common/built-in.o
 .text.do_i2c_md
                0x000000001780aaa8      0x1e8 common/built-in.o
 .text.do_i2c_mw
                0x000000001780ac90      0x100 common/built-in.o
 .text.do_i2c_write
                0x000000001780ad90      0x14c common/built-in.o
 .text.mod_i2c_mem.isra.4
                0x000000001780aedc      0x208 common/built-in.o
 .text.do_i2c_nm
                0x000000001780b0e4        0x8 common/built-in.o
 .text.do_i2c_mm
                0x000000001780b0ec        0x8 common/built-in.o
 .text.do_i2c_loop
                0x000000001780b0f4       0xe4 common/built-in.o
 .text.i2c_init_board
                0x000000001780b1d8        0x4 common/built-in.o
                0x000000001780b1d8                i2c_init_board
 .text.evalexp  0x000000001780b1dc       0x74 common/built-in.o
 .text.evalstr  0x000000001780b250       0x6c common/built-in.o
 .text.binary_test
                0x000000001780b2bc      0x1b0 common/built-in.o
 .text.do_itest
                0x000000001780b46c       0x98 common/built-in.o
 .text.bin_data_init
                0x000000001780b504       0x2c common/built-in.o
 .text.k_data_save
                0x000000001780b530       0x4c common/built-in.o
 .text.k_data_restore
                0x000000001780b57c       0x4c common/built-in.o
 .text.getcxmodem
                0x000000001780b5c8       0x20 common/built-in.o
 .text.load_serial_ymodem
                0x000000001780b5e8       0xcc common/built-in.o
 .text.bin_data_char
                0x000000001780b6b4       0x2c common/built-in.o
 .text.chk1.constprop.1
                0x000000001780b6e0       0x2c common/built-in.o
 .text.s1_sendpacket.constprop.2
                0x000000001780b70c       0x50 common/built-in.o
 .text.load_serial
                0x000000001780b75c      0x1e0 common/built-in.o
 .text.do_load_serial
                0x000000001780b93c       0xdc common/built-in.o
 .text.do_load_serial_bin
                0x000000001780ba18      0x7b0 common/built-in.o
 .text.do_mem_mw
                0x000000001780c1c8       0xc0 common/built-in.o
 .text.do_mem_loop
                0x000000001780c288       0xec common/built-in.o
 .text.do_mem_md
                0x000000001780c374       0xec common/built-in.o
 .text.do_mem_cmp
                0x000000001780c460      0x16c common/built-in.o
 .text.do_mem_base
                0x000000001780c5cc       0x40 common/built-in.o
 .text.do_mem_cp
                0x000000001780c60c       0xd8 common/built-in.o
 .text.do_mem_crc
                0x000000001780c6e4       0x48 common/built-in.o
 .text.do_mem_mtest
                0x000000001780c72c      0x204 common/built-in.o
 .text.mod_mem.isra.2
                0x000000001780c930      0x164 common/built-in.o
 .text.do_mem_mm
                0x000000001780ca94        0x8 common/built-in.o
 .text.do_mem_nm
                0x000000001780ca9c        0x8 common/built-in.o
 .text.miiphy_get_dev_by_name
                0x000000001780caa4       0x60 common/built-in.o
                0x000000001780caa4                miiphy_get_dev_by_name
 .text.miiphy_init
                0x000000001780cb04       0x24 common/built-in.o
                0x000000001780cb04                miiphy_init
 .text.mdio_alloc
                0x000000001780cb28       0x30 common/built-in.o
                0x000000001780cb28                mdio_alloc
 .text.mdio_register
                0x000000001780cb58       0xa0 common/built-in.o
                0x000000001780cb58                mdio_register
 .text.mdio_list_devices
                0x000000001780cbf8       0x98 common/built-in.o
                0x000000001780cbf8                mdio_list_devices
 .text.miiphy_set_current_dev
                0x000000001780cc90       0x40 common/built-in.o
                0x000000001780cc90                miiphy_set_current_dev
 .text.miiphy_get_active_dev
                0x000000001780ccd0       0x54 common/built-in.o
 .text.mdio_get_current_dev
                0x000000001780cd24       0x10 common/built-in.o
                0x000000001780cd24                mdio_get_current_dev
 .text.mdio_phydev_for_ethname
                0x000000001780cd34       0x88 common/built-in.o
                0x000000001780cd34                mdio_phydev_for_ethname
 .text.miiphy_get_current_dev
                0x000000001780cdbc       0x18 common/built-in.o
                0x000000001780cdbc                miiphy_get_current_dev
 .text.miiphy_read
                0x000000001780cdd4       0x4c common/built-in.o
                0x000000001780cdd4                miiphy_read
 .text.miiphy_write
                0x000000001780ce20       0x40 common/built-in.o
                0x000000001780ce20                miiphy_write
 .text.miiphy_listdev
                0x000000001780ce60       0x74 common/built-in.o
                0x000000001780ce60                miiphy_listdev
 .text.miiphy_info
                0x000000001780ced4       0x88 common/built-in.o
                0x000000001780ced4                miiphy_info
 .text.miiphy_speed
                0x000000001780cf5c       0x94 common/built-in.o
                0x000000001780cf5c                miiphy_speed
 .text.miiphy_duplex
                0x000000001780cff0       0x94 common/built-in.o
                0x000000001780cff0                miiphy_duplex
 .text.miiphy_is_1000base_x
                0x000000001780d084        0x8 common/built-in.o
                0x000000001780d084                miiphy_is_1000base_x
 .text.extract_range
                0x000000001780d08c       0xe4 common/built-in.o
 .text.do_mii   0x000000001780d170      0x7a4 common/built-in.o
 .text.do_mdio  0x000000001780d914      0x4b8 common/built-in.o
 .text.do_sleep
                0x000000001780ddcc       0x70 common/built-in.o
 .text.do_mmcops
                0x000000001780de3c       0xb4 common/built-in.o
 .text.init_mmc_device
                0x000000001780def0       0x54 common/built-in.o
 .text.do_mmc_rescan
                0x000000001780df44       0x24 common/built-in.o
 .text.do_mmc_rst_func
                0x000000001780df68       0xa0 common/built-in.o
 .text.do_mmc_partconf
                0x000000001780e008       0xb4 common/built-in.o
 .text.do_mmc_boot_resize
                0x000000001780e0bc       0xcc common/built-in.o
 .text.do_mmc_bootbus
                0x000000001780e188       0xb4 common/built-in.o
 .text.do_mmc_hwpartition
                0x000000001780e23c      0x51c common/built-in.o
 .text.do_mmc_list
                0x000000001780e758       0x14 common/built-in.o
 .text.do_mmc_dev
                0x000000001780e76c      0x134 common/built-in.o
 .text.do_mmc_part
                0x000000001780e8a0       0x5c common/built-in.o
 .text.do_mmc_erase
                0x000000001780e8fc       0xe8 common/built-in.o
 .text.do_mmc_write
                0x000000001780e9e4      0x100 common/built-in.o
 .text.do_mmc_read
                0x000000001780eae4       0xec common/built-in.o
 .text.do_mmcinfo
                0x000000001780ebd0      0x370 common/built-in.o
 .text.do_mmc_setdsr
                0x000000001780ef40       0xb0 common/built-in.o
 .text.cpu_cmd  0x000000001780eff0      0x110 common/built-in.o
 .text.netboot_common
                0x000000001780f100      0x294 common/built-in.o
 .text.do_bootp
                0x000000001780f394        0xc common/built-in.o
 .text.do_dhcp  0x000000001780f3a0        0xc common/built-in.o
 .text.do_nfs   0x000000001780f3ac        0xc common/built-in.o
 .text.do_tftpb
                0x000000001780f3b8       0x40 common/built-in.o
                0x000000001780f3b8                do_tftpb
 .text.do_ping  0x000000001780f3f8       0x7c common/built-in.o
 .text.get_arg  0x000000001780f474       0x58 common/built-in.o
 .text.do_setexpr
                0x000000001780f4cc      0x140 common/built-in.o
 .text.do_false
                0x000000001780f60c        0x8 common/built-in.o
 .text.do_true  0x000000001780f614        0x8 common/built-in.o
 .text.do_test  0x000000001780f61c      0x33c common/built-in.o
 .text.usb_get_class_desc
                0x000000001780f958       0xbc common/built-in.o
 .text.usb_display_class_sub
                0x000000001780fa14      0x170 common/built-in.o
 .text.usb_find_device
                0x000000001780fb84       0x3c common/built-in.o
 .text.usb_show_tree_graph
                0x000000001780fbc0      0x21c common/built-in.o
 .text.usb_display_string
                0x000000001780fddc       0x44 common/built-in.o
 .text.usb_display_config
                0x000000001780fe20      0x20c common/built-in.o
 .text.do_usbboot
                0x000000001781002c        0xc common/built-in.o
 .text.do_usb_start
                0x0000000017810038       0x44 common/built-in.o
 .text.usb_display_desc.part.3
                0x000000001781007c      0x12c common/built-in.o
 .text.do_usb   0x00000000178101a8      0x780 common/built-in.o
 .text.usb_set_maxpacket_ep
                0x0000000017810928       0x70 common/built-in.o
 .text.usb_stop
                0x0000000017810998       0x64 common/built-in.o
                0x0000000017810998                usb_stop
 .text.usb_disable_asynch
                0x00000000178109fc       0x20 common/built-in.o
                0x00000000178109fc                usb_disable_asynch
 .text.usb_control_msg
                0x0000000017810a1c       0xc4 common/built-in.o
                0x0000000017810a1c                usb_control_msg
 .text.usb_get_descriptor
                0x0000000017810ae0       0x50 common/built-in.o
 .text.usb_get_string
                0x0000000017810b30       0x6c common/built-in.o
 .text.usb_string_sub
                0x0000000017810b9c      0x108 common/built-in.o
 .text.usb_bulk_msg
                0x0000000017810ca4       0x74 common/built-in.o
                0x0000000017810ca4                usb_bulk_msg
 .text.usb_maxpacket
                0x0000000017810d18       0x1c common/built-in.o
                0x0000000017810d18                usb_maxpacket
 .text.usb_clear_halt
                0x0000000017810d34       0x8c common/built-in.o
                0x0000000017810d34                usb_clear_halt
 .text.usb_get_configuration_no
                0x0000000017810dc0       0xbc common/built-in.o
                0x0000000017810dc0                usb_get_configuration_no
 .text.usb_set_interface
                0x0000000017810e7c       0xa8 common/built-in.o
                0x0000000017810e7c                usb_set_interface
 .text.usb_string
                0x0000000017810f24      0x100 common/built-in.o
                0x0000000017810f24                usb_string
 .text.usb_get_dev_index
                0x0000000017811024       0x24 common/built-in.o
                0x0000000017811024                usb_get_dev_index
 .text.usb_alloc_new_device
                0x0000000017811048       0x94 common/built-in.o
                0x0000000017811048                usb_alloc_new_device
 .text.usb_free_device
                0x00000000178110dc       0x48 common/built-in.o
                0x00000000178110dc                usb_free_device
 .text.usb_alloc_device
                0x0000000017811124        0x8 common/built-in.o
                0x0000000017811124                usb_alloc_device
 .text.usb_new_device
                0x000000001781112c      0x5c8 common/built-in.o
                0x000000001781112c                usb_new_device
 .text.usb_init
                0x00000000178116f4      0x12c common/built-in.o
                0x00000000178116f4                usb_init
 .text.usb_set_port_feature
                0x0000000017811820       0x4c common/built-in.o
 .text.usb_hub_power_on
                0x000000001781186c       0x44 common/built-in.o
 .text.usb_get_port_status
                0x00000000178118b0       0x4c common/built-in.o
 .text.usb_clear_port_feature
                0x00000000178118fc       0x4c common/built-in.o
 .text.usb_get_hub_descriptor
                0x0000000017811948       0x50 common/built-in.o
 .text.usb_hub_reset_devices
                0x0000000017811998        0x4 common/built-in.o
                0x0000000017811998                usb_hub_reset_devices
 .text.usb_hub_reset
                0x000000001781199c       0x14 common/built-in.o
                0x000000001781199c                usb_hub_reset
 .text.hub_port_reset
                0x00000000178119b0       0x98 common/built-in.o
                0x00000000178119b0                hub_port_reset
 .text.usb_hub_port_connect_change
                0x0000000017811a48      0x120 common/built-in.o
                0x0000000017811a48                usb_hub_port_connect_change
 .text.usb_hub_configure
                0x0000000017811b68      0x2d8 common/built-in.o
 .text.usb_hub_probe
                0x0000000017811e40       0x58 common/built-in.o
                0x0000000017811e40                usb_hub_probe
 .text.usb_stor_irq
                0x0000000017811e98       0x1c common/built-in.o
 .text.usb_stor_BBB_reset
                0x0000000017811eb4       0xd0 common/built-in.o
 .text.usb_stor_CB_reset
                0x0000000017811f84       0xcc common/built-in.o
 .text.usb_stor_BBB_clear_endpt_stall.isra.2
                0x0000000017812050       0x40 common/built-in.o
 .text.usb_stor_BBB_transport
                0x0000000017812090      0x26c common/built-in.o
 .text.usb_stor_CB_comdat
                0x00000000178122fc      0x208 common/built-in.o
 .text.usb_stor_CBI_get_status.isra.4
                0x0000000017812504       0xc8 common/built-in.o
 .text.usb_stor_CB_transport
                0x00000000178125cc      0x228 common/built-in.o
 .text.usb_request_sense.constprop.10
                0x00000000178127f4       0x70 common/built-in.o
 .text.usb_stor_write
                0x0000000017812864      0x1cc common/built-in.o
                0x0000000017812864                usb_stor_write
 .text.usb_stor_read
                0x0000000017812a30      0x1cc common/built-in.o
                0x0000000017812a30                usb_stor_read
 .text.usb_stor_get_dev
                0x0000000017812bfc       0x28 common/built-in.o
                0x0000000017812bfc                usb_stor_get_dev
 .text.usb_stor_info
                0x0000000017812c24       0x74 common/built-in.o
                0x0000000017812c24                usb_stor_info
 .text.usb_storage_probe
                0x0000000017812c98      0x208 common/built-in.o
                0x0000000017812c98                usb_storage_probe
 .text.usb_stor_get_info
                0x0000000017812ea0      0x324 common/built-in.o
                0x0000000017812ea0                usb_stor_get_info
 .text.usb_stor_scan
                0x00000000178131c4      0x200 common/built-in.o
                0x00000000178131c4                usb_stor_scan
 .text.do_imgextract
                0x00000000178133c4      0x28c common/built-in.o
 .text.splash_screen_prepare
                0x0000000017813650        0x8 common/built-in.o
                0x0000000017813650                splash_screen_prepare
 .text.splash_get_pos
                0x0000000017813658       0x84 common/built-in.o
                0x0000000017813658                splash_get_pos
 .text.do_env_delete
                0x00000000178136dc       0x9c common/built-in.o
 .text.do_env_exists
                0x0000000017813778       0x64 common/built-in.o
 .text.do_env_save
                0x00000000178137dc       0x2c common/built-in.o
 .text.do_env   0x0000000017813808       0x64 common/built-in.o
 .text.env_print
                0x000000001781386c       0xc0 common/built-in.o
 .text.do_env_print
                0x000000001781392c       0xc4 common/built-in.o
 .text.do_env_import
                0x00000000178139f0      0x28c common/built-in.o
 .text.do_env_default
                0x0000000017813c7c       0xa8 common/built-in.o
 .text._do_env_set.isra.1
                0x0000000017813d24      0x1b8 common/built-in.o
 .text.do_env_set
                0x0000000017813edc       0x1c common/built-in.o
 .text.get_env_id
                0x0000000017813ef8       0x10 common/built-in.o
                0x0000000017813ef8                get_env_id
 .text.setenv   0x0000000017813f08       0x58 common/built-in.o
                0x0000000017813f08                setenv
 .text.setenv_ulong
                0x0000000017813f60       0x20 common/built-in.o
                0x0000000017813f60                setenv_ulong
 .text.setenv_hex
                0x0000000017813f80       0x34 common/built-in.o
                0x0000000017813f80                setenv_hex
 .text.do_env_export
                0x0000000017813fb4      0x260 common/built-in.o
 .text.envmatch
                0x0000000017814214       0x6c common/built-in.o
                0x0000000017814214                envmatch
 .text.getenv_f
                0x0000000017814280       0xc0 common/built-in.o
                0x0000000017814280                getenv_f
 .text.getenv   0x0000000017814340       0x78 common/built-in.o
                0x0000000017814340                getenv
 .text.getenv_hex
                0x00000000178143b8       0x3c common/built-in.o
                0x00000000178143b8                getenv_hex
 .text.getenv_ulong
                0x00000000178143f4       0x30 common/built-in.o
                0x00000000178143f4                getenv_ulong
 .text.do_env_edit
                0x0000000017814424       0x78 common/built-in.o
 .text.env_get_char_spec
                0x000000001781449c        0xc common/built-in.o
                0x000000001781449c                env_get_char_spec
 .text.env_get_addr
                0x00000000178144a8       0x20 common/built-in.o
                0x00000000178144a8                env_get_addr
 .text.env_get_char_memory
                0x00000000178144c8       0x10 common/built-in.o
                0x00000000178144c8                env_get_char_memory
 .text.env_get_char
                0x00000000178144d8       0x30 common/built-in.o
                0x00000000178144d8                env_get_char
 .text.getenv_yesno
                0x0000000017814508       0x40 common/built-in.o
                0x0000000017814508                getenv_yesno
 .text.getenv_default
                0x0000000017814548       0x30 common/built-in.o
                0x0000000017814548                getenv_default
 .text.set_default_env
                0x0000000017814578       0xc0 common/built-in.o
                0x0000000017814578                set_default_env
 .text.set_default_vars
                0x0000000017814638       0x3c common/built-in.o
                0x0000000017814638                set_default_vars
 .text.env_import
                0x0000000017814674       0xe0 common/built-in.o
                0x0000000017814674                env_import
 .text.env_export
                0x0000000017814754       0xa0 common/built-in.o
                0x0000000017814754                env_export
 .text.env_relocate
                0x00000000178147f4       0x30 common/built-in.o
                0x00000000178147f4                env_relocate
 .text.env_complete
                0x0000000017814824       0xdc common/built-in.o
                0x0000000017814824                env_complete
 .text.console_setfile
                0x0000000017814900       0xc0 common/built-in.o
 .text.serial_printf
                0x00000000178149c0       0x4c common/built-in.o
                0x00000000178149c0                serial_printf
 .text.puts     0x0000000017814a0c       0x34 common/built-in.o
                0x0000000017814a0c                puts
 .text.printf   0x0000000017814a40       0x58 common/built-in.o
                0x0000000017814a40                printf
 .text.putc     0x0000000017814a98       0x34 common/built-in.o
                0x0000000017814a98                putc
 .text.fgetc    0x0000000017814acc       0x24 common/built-in.o
                0x0000000017814acc                fgetc
 .text.getc     0x0000000017814af0       0x24 common/built-in.o
                0x0000000017814af0                getc
 .text.ftstc    0x0000000017814b14       0x24 common/built-in.o
                0x0000000017814b14                ftstc
 .text.tstc     0x0000000017814b38       0x24 common/built-in.o
                0x0000000017814b38                tstc
 .text.vprintf  0x0000000017814b5c       0x3c common/built-in.o
                0x0000000017814b5c                vprintf
 .text.ctrlc    0x0000000017814b98       0x58 common/built-in.o
                0x0000000017814b98                ctrlc
 .text.confirm_yesno
                0x0000000017814bf0       0xd4 common/built-in.o
                0x0000000017814bf0                confirm_yesno
 .text.had_ctrlc
                0x0000000017814cc4       0x10 common/built-in.o
                0x0000000017814cc4                had_ctrlc
 .text.clear_ctrlc
                0x0000000017814cd4       0x14 common/built-in.o
                0x0000000017814cd4                clear_ctrlc
 .text.search_device
                0x0000000017814ce8       0x28 common/built-in.o
                0x0000000017814ce8                search_device
 .text.console_assign
                0x0000000017814d10       0x48 common/built-in.o
                0x0000000017814d10                console_assign
 .text.on_console
                0x0000000017814d58       0xc0 common/built-in.o
 .text.console_init_f
                0x0000000017814e18       0x10 common/built-in.o
                0x0000000017814e18                console_init_f
 .text.stdio_print_current_devices
                0x0000000017814e28       0xb0 common/built-in.o
                0x0000000017814e28                stdio_print_current_devices
 .text.console_init_r
                0x0000000017814ed8      0x194 common/built-in.o
                0x0000000017814ed8                console_init_r
 .text.sbrk     0x000000001781506c       0x70 common/built-in.o
                0x000000001781506c                sbrk
 .text.mem_malloc_init
                0x00000000178150dc       0x34 common/built-in.o
                0x00000000178150dc                mem_malloc_init
 .text.malloc_trim
                0x0000000017815110       0xcc common/built-in.o
                0x0000000017815110                malloc_trim
 .text.free     0x00000000178151dc      0x248 common/built-in.o
                0x00000000178151dc                free
 .text.malloc   0x0000000017815424      0x62c common/built-in.o
                0x0000000017815424                malloc
 .text.calloc   0x0000000017815a50      0x148 common/built-in.o
                0x0000000017815a50                calloc
 .text.realloc  0x0000000017815b98      0x4d8 common/built-in.o
                0x0000000017815b98                realloc
 .text.memalign
                0x0000000017816070      0x10c common/built-in.o
                0x0000000017816070                memalign
 .text.malloc_simple
                0x000000001781617c       0x30 common/built-in.o
                0x000000001781617c                malloc_simple
 .text.on_loadaddr
                0x00000000178161ac       0x38 common/built-in.o
 .text.image_check_hcrc
                0x00000000178161e4       0x4c common/built-in.o
                0x00000000178161e4                image_check_hcrc
 .text.image_check_dcrc
                0x0000000017816230       0x38 common/built-in.o
                0x0000000017816230                image_check_dcrc
 .text.image_multi_count
                0x0000000017816268       0x1c common/built-in.o
                0x0000000017816268                image_multi_count
 .text.image_multi_getimg
                0x0000000017816284       0x80 common/built-in.o
                0x0000000017816284                image_multi_getimg
 .text.getenv_bootm_low
                0x0000000017816304       0x30 common/built-in.o
                0x0000000017816304                getenv_bootm_low
 .text.getenv_bootm_size
                0x0000000017816334       0x5c common/built-in.o
                0x0000000017816334                getenv_bootm_size
 .text.getenv_bootm_mapsize
                0x0000000017816390       0x30 common/built-in.o
                0x0000000017816390                getenv_bootm_mapsize
 .text.memmove_wd
                0x00000000178163c0        0xc common/built-in.o
                0x00000000178163c0                memmove_wd
 .text.genimg_print_size
                0x00000000178163cc       0x30 common/built-in.o
                0x00000000178163cc                genimg_print_size
 .text.get_table_entry_name
                0x00000000178163fc       0x2c common/built-in.o
                0x00000000178163fc                get_table_entry_name
 .text.genimg_get_os_name
                0x0000000017816428       0x18 common/built-in.o
                0x0000000017816428                genimg_get_os_name
 .text.genimg_get_arch_name
                0x0000000017816440       0x18 common/built-in.o
                0x0000000017816440                genimg_get_arch_name
 .text.genimg_get_type_name
                0x0000000017816458       0x18 common/built-in.o
                0x0000000017816458                genimg_get_type_name
 .text.genimg_get_comp_name
                0x0000000017816470       0x18 common/built-in.o
                0x0000000017816470                genimg_get_comp_name
 .text.image_print_contents
                0x0000000017816488      0x174 common/built-in.o
                0x0000000017816488                image_print_contents
 .text.genimg_get_kernel_addr_fit
                0x00000000178165fc       0x24 common/built-in.o
                0x00000000178165fc                genimg_get_kernel_addr_fit
 .text.genimg_get_format
                0x0000000017816620       0x34 common/built-in.o
                0x0000000017816620                genimg_get_format
 .text.genimg_get_image
                0x0000000017816654        0x4 common/built-in.o
                0x0000000017816654                genimg_get_image
 .text.genimg_has_config
                0x0000000017816658        0x8 common/built-in.o
                0x0000000017816658                genimg_has_config
 .text.boot_get_ramdisk
                0x0000000017816660      0x238 common/built-in.o
                0x0000000017816660                boot_get_ramdisk
 .text.boot_ramdisk_high
                0x0000000017816898      0x13c common/built-in.o
                0x0000000017816898                boot_ramdisk_high
 .text.boot_get_setup
                0x00000000178169d4        0x8 common/built-in.o
                0x00000000178169d4                boot_get_setup
 .text.image_setup_linux
                0x00000000178169dc       0x8c common/built-in.o
                0x00000000178169dc                image_setup_linux
 .text.fdt_error
                0x0000000017816a68       0x2c common/built-in.o
 .text.boot_fdt_add_mem_rsv_regions
                0x0000000017816a94       0x88 common/built-in.o
                0x0000000017816a94                boot_fdt_add_mem_rsv_regions
 .text.boot_relocate_fdt
                0x0000000017816b1c      0x194 common/built-in.o
                0x0000000017816b1c                boot_relocate_fdt
 .text.boot_get_fdt
                0x0000000017816cb0      0x2ac common/built-in.o
                0x0000000017816cb0                boot_get_fdt
 .text.ft_verify_fdt
                0x0000000017816f5c        0x8 common/built-in.o
                0x0000000017816f5c                ft_verify_fdt
 .text.image_setup_libfdt
                0x0000000017816f64       0xe8 common/built-in.o
                0x0000000017816f64                image_setup_libfdt
 .text.get_effective_memsize
                0x000000001781704c        0x8 common/built-in.o
                0x000000001781704c                get_effective_memsize
 .text.nulldev_putc
                0x0000000017817054        0x4 common/built-in.o
 .text.nulldev_puts
                0x0000000017817058        0x4 common/built-in.o
 .text.nulldev_input
                0x000000001781705c        0x8 common/built-in.o
 .text.stdio_serial_tstc
                0x0000000017817064        0x4 common/built-in.o
 .text.stdio_serial_getc
                0x0000000017817068        0x4 common/built-in.o
 .text.stdio_serial_puts
                0x000000001781706c        0x8 common/built-in.o
 .text.stdio_serial_putc
                0x0000000017817074        0x8 common/built-in.o
 .text.stdio_get_list
                0x000000001781707c        0xc common/built-in.o
                0x000000001781707c                stdio_get_list
 .text.stdio_get_by_name
                0x0000000017817088       0x5c common/built-in.o
                0x0000000017817088                stdio_get_by_name
 .text.stdio_clone
                0x00000000178170e4       0x38 common/built-in.o
                0x00000000178170e4                stdio_clone
 .text.stdio_register_dev
                0x000000001781711c       0x50 common/built-in.o
                0x000000001781711c                stdio_register_dev
 .text.stdio_register
                0x000000001781716c        0x8 common/built-in.o
                0x000000001781716c                stdio_register
 .text.stdio_init_tables
                0x0000000017817174       0x1c common/built-in.o
                0x0000000017817174                stdio_init_tables
 .text.stdio_add_devices
                0x0000000017817190       0xd4 common/built-in.o
                0x0000000017817190                stdio_add_devices
 .text.run_command
                0x0000000017817264       0x10 common/built-in.o
                0x0000000017817264                run_command
 .text.run_command_list
                0x0000000017817274       0x5c common/built-in.o
                0x0000000017817274                run_command_list
 .text.do_run   0x00000000178172d0       0x78 common/built-in.o
                0x00000000178172d0                do_run
 .text.cli_loop
                0x0000000017817348        0xc common/built-in.o
                0x0000000017817348                cli_loop
 .text.cli_init
                0x0000000017817354        0x4 common/built-in.o
                0x0000000017817354                cli_init
 .text.delete_char.part.0
                0x0000000017817358       0xd0 common/built-in.o
 .text.cread_add_char
                0x0000000017817428       0xe8 common/built-in.o
 .text.cli_readline_into_buffer
                0x0000000017817510      0x9c4 common/built-in.o
                0x0000000017817510                cli_readline_into_buffer
 .text.cli_readline
                0x0000000017817ed4       0x14 common/built-in.o
                0x0000000017817ed4                cli_readline
 .text.find_cmd_tbl
                0x0000000017817ee8       0xa4 common/built-in.o
                0x0000000017817ee8                find_cmd_tbl
 .text.find_cmd
                0x0000000017817f8c       0x28 common/built-in.o
                0x0000000017817f8c                find_cmd
 .text.cmd_usage
                0x0000000017817fb4       0x5c common/built-in.o
                0x0000000017817fb4                cmd_usage
 .text._do_help
                0x0000000017818010      0x180 common/built-in.o
                0x0000000017818010                _do_help
 .text.var_complete
                0x0000000017818190       0x7c common/built-in.o
                0x0000000017818190                var_complete
 .text.cmd_auto_complete
                0x000000001781820c      0x4b4 common/built-in.o
                0x000000001781820c                cmd_auto_complete
 .text.cmd_get_data_size
                0x00000000178186c0       0x5c common/built-in.o
                0x00000000178186c0                cmd_get_data_size
 .text.cmd_process
                0x000000001781871c       0xf4 common/built-in.o
                0x000000001781871c                cmd_process
 .text.cmd_process_error
                0x0000000017818810       0x34 common/built-in.o
                0x0000000017818810                cmd_process_error
 .text.hex1_bin
                0x0000000017818844       0x40 common/built-in.o
 .text.hex2_bin
                0x0000000017818884       0x38 common/built-in.o
 .text.srec_decode
                0x00000000178188bc      0x254 common/built-in.o
                0x00000000178188bc                srec_decode
 .text.CYGACC_COMM_IF_GETC_TIMEOUT.isra.0
                0x0000000017818b10       0x5c common/built-in.o
 .text.xyzModem_flush
                0x0000000017818b6c       0x1c common/built-in.o
 .text.xyzModem_get_hdr
                0x0000000017818b88      0x230 common/built-in.o
 .text.xyzModem_stream_open
                0x0000000017818db8      0x23c common/built-in.o
                0x0000000017818db8                xyzModem_stream_open
 .text.xyzModem_stream_read
                0x0000000017818ff4      0x258 common/built-in.o
                0x0000000017818ff4                xyzModem_stream_read
 .text.xyzModem_stream_close
                0x000000001781924c       0x54 common/built-in.o
                0x000000001781924c                xyzModem_stream_close
 .text.xyzModem_stream_terminate
                0x00000000178192a0       0x94 common/built-in.o
                0x00000000178192a0                xyzModem_stream_terminate
 .text.xyzModem_error
                0x0000000017819334       0x20 common/built-in.o
                0x0000000017819334                xyzModem_error
 .text.common_diskboot
                0x0000000017819354      0x238 common/built-in.o
                0x0000000017819354                common_diskboot
 .text.get_dev_hwpart
                0x000000001781958c       0xb0 disk/built-in.o
 .text.dev_print
                0x000000001781963c      0x204 disk/built-in.o
                0x000000001781963c                dev_print
 .text.init_part
                0x0000000017819840       0x20 disk/built-in.o
                0x0000000017819840                init_part
 .text.print_part
                0x0000000017819860       0xf4 disk/built-in.o
                0x0000000017819860                print_part
 .text.get_partition_info
                0x0000000017819954       0x2c disk/built-in.o
                0x0000000017819954                get_partition_info
 .text.get_device
                0x0000000017819980      0x114 disk/built-in.o
                0x0000000017819980                get_device
 .text.get_device_and_partition
                0x0000000017819a94      0x440 disk/built-in.o
                0x0000000017819a94                get_device_and_partition
 .text.test_block_type
                0x0000000017819ed4       0x84 disk/built-in.o
 .text.print_partition_extended
                0x0000000017819f58      0x278 disk/built-in.o
 .text.get_partition_info_extended.constprop.2
                0x000000001781a1d0      0x2d4 disk/built-in.o
 .text.test_part_dos
                0x000000001781a4a4       0x64 disk/built-in.o
                0x000000001781a4a4                test_part_dos
 .text.print_part_dos
                0x000000001781a508       0x34 disk/built-in.o
                0x000000001781a508                print_part_dos
 .text.get_partition_info_dos
                0x000000001781a53c       0x20 disk/built-in.o
                0x000000001781a53c                get_partition_info_dos
 .text.device_bind
                0x000000001781a55c      0x268 drivers/built-in.o
                0x000000001781a55c                device_bind
 .text.device_bind_by_name
                0x000000001781a7c4       0x5c drivers/built-in.o
                0x000000001781a7c4                device_bind_by_name
 .text.device_probe
                0x000000001781a820        0x8 drivers/built-in.o
                0x000000001781a820                device_probe
 .text.device_probe_child
                0x000000001781a828      0x208 drivers/built-in.o
                0x000000001781a828                device_probe_child
 .text.dev_get_platdata
                0x000000001781aa30       0x34 drivers/built-in.o
                0x000000001781aa30                dev_get_platdata
 .text.dev_get_priv
                0x000000001781aa64       0x34 drivers/built-in.o
                0x000000001781aa64                dev_get_priv
 .text.lists_driver_lookup_name
                0x000000001781aa98       0x4c drivers/built-in.o
                0x000000001781aa98                lists_driver_lookup_name
 .text.lists_uclass_lookup
                0x000000001781aae4       0x3c drivers/built-in.o
                0x000000001781aae4                lists_uclass_lookup
 .text.lists_bind_drivers
                0x000000001781ab20       0x88 drivers/built-in.o
                0x000000001781ab20                lists_bind_drivers
 .text.dm_root  0x000000001781aba8       0x28 drivers/built-in.o
                0x000000001781aba8                dm_root
 .text.dm_init  0x000000001781abd0       0x58 drivers/built-in.o
                0x000000001781abd0                dm_init
 .text.dm_scan_platdata
                0x000000001781ac28       0x2c drivers/built-in.o
                0x000000001781ac28                dm_scan_platdata
 .text.dm_scan_other
                0x000000001781ac54        0x8 drivers/built-in.o
                0x000000001781ac54                dm_scan_other
 .text.dm_init_and_scan
                0x000000001781ac5c       0x30 drivers/built-in.o
                0x000000001781ac5c                dm_init_and_scan
 .text.uclass_find
                0x000000001781ac8c       0x4c drivers/built-in.o
                0x000000001781ac8c                uclass_find
 .text.uclass_get
                0x000000001781acd8      0x134 drivers/built-in.o
                0x000000001781acd8                uclass_get
 .text.uclass_find_device
                0x000000001781ae0c       0x68 drivers/built-in.o
                0x000000001781ae0c                uclass_find_device
 .text.uclass_find_device_by_seq
                0x000000001781ae74       0x7c drivers/built-in.o
                0x000000001781ae74                uclass_find_device_by_seq
 .text.uclass_get_device
                0x000000001781aef0       0x3c drivers/built-in.o
                0x000000001781aef0                uclass_get_device
 .text.uclass_bind_device
                0x000000001781af2c       0xa4 drivers/built-in.o
                0x000000001781af2c                uclass_bind_device
 .text.uclass_unbind_device
                0x000000001781afd0       0x50 drivers/built-in.o
                0x000000001781afd0                uclass_unbind_device
 .text.uclass_resolve_seq
                0x000000001781b020       0xb0 drivers/built-in.o
                0x000000001781b020                uclass_resolve_seq
 .text.uclass_pre_probe_child
                0x000000001781b0d0       0x2c drivers/built-in.o
                0x000000001781b0d0                uclass_pre_probe_child
 .text.uclass_post_probe_device
                0x000000001781b0fc       0x20 drivers/built-in.o
                0x000000001781b0fc                uclass_post_probe_device
 .text.uclass_pre_remove_device
                0x000000001781b11c       0x5c drivers/built-in.o
                0x000000001781b11c                uclass_pre_remove_device
 .text.dm_warn  0x000000001781b178       0x28 drivers/built-in.o
                0x000000001781b178                dm_warn
 .text.device_free
                0x000000001781b1a0       0x90 drivers/built-in.o
                0x000000001781b1a0                device_free
 .text.device_remove
                0x000000001781b230      0x138 drivers/built-in.o
                0x000000001781b230                device_remove
 .text.finish_access
                0x000000001781b368       0x2c drivers/built-in.o
 .text.prepare_access
                0x000000001781b394       0x8c drivers/built-in.o
 .text.set_timing
                0x000000001781b420       0xb8 drivers/built-in.o
 .text.fuse_bank_physical
                0x000000001781b4d8       0x78 drivers/built-in.o
                0x000000001781b4d8                fuse_bank_physical
 .text.fuse_read
                0x000000001781b550       0x74 drivers/built-in.o
                0x000000001781b550                fuse_read
 .text.fuse_sense
                0x000000001781b5c4       0xac drivers/built-in.o
                0x000000001781b5c4                fuse_sense
 .text.fuse_prog
                0x000000001781b670       0xa8 drivers/built-in.o
                0x000000001781b670                fuse_prog
 .text.fuse_override
                0x000000001781b718       0x6c drivers/built-in.o
                0x000000001781b718                fuse_override
 .text.video_drawchars
                0x000000001781b784      0x44c drivers/built-in.o
 .text.draw_bitmap
                0x000000001781bbd0       0xdc drivers/built-in.o
 .text.console_newline.constprop.1
                0x000000001781bcac       0xe0 drivers/built-in.o
 .text.video_putc
                0x000000001781bd8c      0x194 drivers/built-in.o
 .text.video_puts
                0x000000001781bf20       0x7c drivers/built-in.o
 .text.board_cfb_skip
                0x000000001781bf9c        0x8 drivers/built-in.o
                0x000000001781bf9c                board_cfb_skip
 .text.video_set_lut
                0x000000001781bfa4        0x8 drivers/built-in.o
                0x000000001781bfa8                video_set_lut
 .text.display_rle8_bitmap
                0x000000001781bfac      0x348 drivers/built-in.o
 .text.plot_logo_or_black
                0x000000001781c2f4      0x268 drivers/built-in.o
 .text.do_clrlogo
                0x000000001781c55c       0x58 drivers/built-in.o
 .text.video_display_bitmap
                0x000000001781c5b4      0x988 drivers/built-in.o
                0x000000001781c5b4                video_display_bitmap
 .text.video_clear
                0x000000001781cf3c       0x54 drivers/built-in.o
                0x000000001781cf3c                video_clear
 .text.drv_video_init
                0x000000001781cf90      0x448 drivers/built-in.o
                0x000000001781cf90                drv_video_init
 .text.mxcfb_map_video_memory
                0x000000001781d3d8       0x88 drivers/built-in.o
 .text.ipuv3_fb_shutdown
                0x000000001781d460       0x60 drivers/built-in.o
                0x000000001781d460                ipuv3_fb_shutdown
 .text.video_hw_init
                0x000000001781d4c0      0x5cc drivers/built-in.o
                0x000000001781d4c0                video_hw_init
 .text.ipuv3_fb_init
                0x000000001781da8c       0x2c drivers/built-in.o
                0x000000001781da8c                ipuv3_fb_init
 .text.clk_ipu_enable
                0x000000001781dab8       0x20 drivers/built-in.o
 .text.clk_ipu_disable
                0x000000001781dad8       0x1c drivers/built-in.o
 .text.clk_ldb_clk_enable
                0x000000001781daf4       0x20 drivers/built-in.o
 .text.clk_ldb_clk_disable
                0x000000001781db14       0x1c drivers/built-in.o
 .text.ipu_pixel_clk_enable
                0x000000001781db30       0x28 drivers/built-in.o
 .text.ipu_pixel_clk_disable
                0x000000001781db58       0x24 drivers/built-in.o
 .text.ipu_pixel_clk_round_rate
                0x000000001781db7c      0x118 drivers/built-in.o
 .text.ipu_pixel_clk_set_rate
                0x000000001781dc94       0xe8 drivers/built-in.o
 .text.ipu_pixel_clk_recalc
                0x000000001781dd7c       0x7c drivers/built-in.o
 .text.ipu_pixel_clk_set_parent
                0x000000001781ddf8       0x84 drivers/built-in.o
 .text.clk_enable
                0x000000001781de7c       0x24 drivers/built-in.o
                0x000000001781de7c                clk_enable
 .text.clk_disable
                0x000000001781dea0       0x30 drivers/built-in.o
                0x000000001781dea0                clk_disable
 .text.clk_get_usecount
                0x000000001781ded0        0xc drivers/built-in.o
                0x000000001781ded0                clk_get_usecount
 .text.clk_get_rate
                0x000000001781dedc        0xc drivers/built-in.o
                0x000000001781dedc                clk_get_rate
 .text.clk_get_parent
                0x000000001781dee8        0xc drivers/built-in.o
                0x000000001781dee8                clk_get_parent
 .text.clk_set_rate
                0x000000001781def4       0x24 drivers/built-in.o
                0x000000001781def4                clk_set_rate
 .text.clk_round_rate
                0x000000001781df18       0x20 drivers/built-in.o
                0x000000001781df18                clk_round_rate
 .text.clk_set_parent
                0x000000001781df38       0x1c drivers/built-in.o
                0x000000001781df38                clk_set_parent
 .text.ipu_probe
                0x000000001781df54      0x158 drivers/built-in.o
                0x000000001781df54                ipu_probe
 .text.ipu_dump_registers
                0x000000001781e0ac        0x4 drivers/built-in.o
                0x000000001781e0ac                ipu_dump_registers
 .text.ipu_init_channel
                0x000000001781e0b0      0x1fc drivers/built-in.o
                0x000000001781e0b0                ipu_init_channel
 .text.ipu_uninit_channel
                0x000000001781e2ac      0x220 drivers/built-in.o
                0x000000001781e2ac                ipu_uninit_channel
 .text.ipu_enable_channel
                0x000000001781e4cc       0xe8 drivers/built-in.o
                0x000000001781e4cc                ipu_enable_channel
 .text.ipu_clear_buffer_ready
                0x000000001781e5b4       0x7c drivers/built-in.o
                0x000000001781e5b4                ipu_clear_buffer_ready
 .text.ipu_disable_channel
                0x000000001781e630      0x198 drivers/built-in.o
                0x000000001781e630                ipu_disable_channel
 .text.bytes_per_pixel
                0x000000001781e7c8       0xec drivers/built-in.o
                0x000000001781e7c8                bytes_per_pixel
 .text.ipu_init_channel_buffer
                0x000000001781e8b4      0x5c0 drivers/built-in.o
                0x000000001781e8b4                ipu_init_channel_buffer
 .text.format_to_colorspace
                0x000000001781ee74       0xc4 drivers/built-in.o
                0x000000001781ee74                format_to_colorspace
 .text.ipu_dc_map_config
                0x000000001781ef38       0x70 drivers/built-in.o
 .text.rgb_to_yuv
                0x000000001781efa8       0x70 drivers/built-in.o
 .text.ipu_dc_link_event
                0x000000001781f018      0x170 drivers/built-in.o
 .text.ipu_dp_csc_setup.isra.0
                0x000000001781f188      0x100 drivers/built-in.o
 .text.ipu_di_sync_config.constprop.3
                0x000000001781f288       0xf0 drivers/built-in.o
 .text.ipu_dmfc_init
                0x000000001781f378      0x158 drivers/built-in.o
                0x000000001781f378                ipu_dmfc_init
 .text.ipu_dmfc_set_wait4eot
                0x000000001781f4d0      0x130 drivers/built-in.o
                0x000000001781f4d0                ipu_dmfc_set_wait4eot
 .text.ipu_dp_init
                0x000000001781f600      0x1f8 drivers/built-in.o
                0x000000001781f600                ipu_dp_init
 .text.ipu_dp_uninit
                0x000000001781f7f8       0x7c drivers/built-in.o
                0x000000001781f7f8                ipu_dp_uninit
 .text.ipu_dc_init
                0x000000001781f874      0x2d0 drivers/built-in.o
                0x000000001781f874                ipu_dc_init
 .text.ipu_dc_uninit
                0x000000001781fb44      0x1b4 drivers/built-in.o
                0x000000001781fb44                ipu_dc_uninit
 .text.ipu_dp_dc_enable
                0x000000001781fcf8      0x1c4 drivers/built-in.o
                0x000000001781fcf8                ipu_dp_dc_enable
 .text.ipu_dp_dc_disable
                0x000000001781febc      0x31c drivers/built-in.o
                0x000000001781febc                ipu_dp_dc_disable
 .text.ipu_init_dc_mappings
                0x00000000178201d8      0x184 drivers/built-in.o
                0x00000000178201d8                ipu_init_dc_mappings
 .text.ipu_init_sync_panel
                0x000000001782035c      0x7c4 drivers/built-in.o
                0x000000001782035c                ipu_init_sync_panel
 .text.ipu_disp_set_global_alpha
                0x0000000017820b20      0x100 drivers/built-in.o
                0x0000000017820b20                ipu_disp_set_global_alpha
 .text.ipu_disp_set_color_key
                0x0000000017820c20      0x1a4 drivers/built-in.o
                0x0000000017820c20                ipu_disp_set_color_key
 .text.reset_cpu
                0x0000000017820dc4       0x28 drivers/built-in.o
                0x0000000017820dc4                reset_cpu
 .text.thermal_get_temp
                0x0000000017820dec       0x20 drivers/built-in.o
                0x0000000017820dec                thermal_get_temp
 .text.read_cpu_temperature
                0x0000000017820e0c      0x144 drivers/built-in.o
 .text.imx_thermal_get_temp
                0x0000000017820f50       0x48 drivers/built-in.o
                0x0000000017820f50                imx_thermal_get_temp
 .text.imx_thermal_probe
                0x0000000017820f98       0x7c drivers/built-in.o
 .text.gpio_set_value
                0x0000000017821014       0x44 drivers/gpio/built-in.o
                0x0000000017821014                gpio_set_value
 .text.gpio_get_value
                0x0000000017821058       0x34 drivers/gpio/built-in.o
                0x0000000017821058                gpio_get_value
 .text.gpio_request
                0x000000001782108c       0x10 drivers/gpio/built-in.o
                0x000000001782108c                gpio_request
 .text.gpio_free
                0x000000001782109c        0x8 drivers/gpio/built-in.o
                0x000000001782109c                gpio_free
 .text.gpio_direction_input
                0x00000000178210a4       0x3c drivers/gpio/built-in.o
                0x00000000178210a4                gpio_direction_input
 .text.gpio_direction_output
                0x00000000178210e0       0x50 drivers/gpio/built-in.o
                0x00000000178210e0                gpio_direction_output
 .text.i2c_get_adapter
                0x0000000017821130       0x64 drivers/i2c/built-in.o
                0x0000000017821130                i2c_get_adapter
 .text.i2c_init_bus
                0x0000000017821194       0x90 drivers/i2c/built-in.o
 .text.i2c_get_bus_num
                0x0000000017821224        0x8 drivers/i2c/built-in.o
                0x0000000017821224                i2c_get_bus_num
 .text.i2c_set_bus_num
                0x000000001782122c       0xbc drivers/i2c/built-in.o
                0x000000001782122c                i2c_set_bus_num
 .text.i2c_init_all
                0x00000000178212e8       0x14 drivers/i2c/built-in.o
                0x00000000178212e8                i2c_init_all
 .text.i2c_probe
                0x00000000178212fc       0x2c drivers/i2c/built-in.o
                0x00000000178212fc                i2c_probe
 .text.i2c_read
                0x0000000017821328       0x4c drivers/i2c/built-in.o
                0x0000000017821328                i2c_read
 .text.i2c_write
                0x0000000017821374       0x4c drivers/i2c/built-in.o
                0x0000000017821374                i2c_write
 .text.i2c_set_bus_speed
                0x00000000178213c0       0x64 drivers/i2c/built-in.o
                0x00000000178213c0                i2c_set_bus_speed
 .text.i2c_get_bus_speed
                0x0000000017821424       0x14 drivers/i2c/built-in.o
                0x0000000017821424                i2c_get_bus_speed
 .text.i2c_init